Archive member included to satisfy reference by file (symbol)

/usr/lib/gcc/arm-none-eabi/10.3.1/../../../arm-none-eabi/lib/thumb/v7e-m+fp/hard/libc_nano.a(lib_a-atexit.o)
                              /usr/lib/gcc/arm-none-eabi/10.3.1/../../../arm-none-eabi/lib/thumb/v7e-m+fp/hard/crt0.o (atexit)
/usr/lib/gcc/arm-none-eabi/10.3.1/../../../arm-none-eabi/lib/thumb/v7e-m+fp/hard/libc_nano.a(lib_a-errno.o)
                              ./Core/Src/syscalls.o (__errno)
/usr/lib/gcc/arm-none-eabi/10.3.1/../../../arm-none-eabi/lib/thumb/v7e-m+fp/hard/libc_nano.a(lib_a-exit.o)
                              /usr/lib/gcc/arm-none-eabi/10.3.1/../../../arm-none-eabi/lib/thumb/v7e-m+fp/hard/crt0.o (exit)
/usr/lib/gcc/arm-none-eabi/10.3.1/../../../arm-none-eabi/lib/thumb/v7e-m+fp/hard/libc_nano.a(lib_a-fini.o)
                              /usr/lib/gcc/arm-none-eabi/10.3.1/../../../arm-none-eabi/lib/thumb/v7e-m+fp/hard/crt0.o (__libc_fini_array)
/usr/lib/gcc/arm-none-eabi/10.3.1/../../../arm-none-eabi/lib/thumb/v7e-m+fp/hard/libc_nano.a(lib_a-impure.o)
                              /usr/lib/gcc/arm-none-eabi/10.3.1/../../../arm-none-eabi/lib/thumb/v7e-m+fp/hard/libc_nano.a(lib_a-exit.o) (_global_impure_ptr)
/usr/lib/gcc/arm-none-eabi/10.3.1/../../../arm-none-eabi/lib/thumb/v7e-m+fp/hard/libc_nano.a(lib_a-init.o)
                              /usr/lib/gcc/arm-none-eabi/10.3.1/../../../arm-none-eabi/lib/thumb/v7e-m+fp/hard/crt0.o (__libc_init_array)
/usr/lib/gcc/arm-none-eabi/10.3.1/../../../arm-none-eabi/lib/thumb/v7e-m+fp/hard/libc_nano.a(lib_a-memset.o)
                              /usr/lib/gcc/arm-none-eabi/10.3.1/../../../arm-none-eabi/lib/thumb/v7e-m+fp/hard/crt0.o (memset)
/usr/lib/gcc/arm-none-eabi/10.3.1/../../../arm-none-eabi/lib/thumb/v7e-m+fp/hard/libc_nano.a(lib_a-__atexit.o)
                              /usr/lib/gcc/arm-none-eabi/10.3.1/../../../arm-none-eabi/lib/thumb/v7e-m+fp/hard/libc_nano.a(lib_a-atexit.o) (__register_exitproc)
/usr/lib/gcc/arm-none-eabi/10.3.1/../../../arm-none-eabi/lib/thumb/v7e-m+fp/hard/libc_nano.a(lib_a-__call_atexit.o)
                              /usr/lib/gcc/arm-none-eabi/10.3.1/../../../arm-none-eabi/lib/thumb/v7e-m+fp/hard/libc_nano.a(lib_a-__atexit.o) (__call_exitprocs)
/usr/lib/gcc/arm-none-eabi/10.3.1/thumb/v7e-m+fp/hard/libgcc.a(_aeabi_uldivmod.o)
                              ./Drivers/STM32F4xx_HAL_Driver/Src/stm32f4xx_hal_rcc.o (__aeabi_uldivmod)
/usr/lib/gcc/arm-none-eabi/10.3.1/thumb/v7e-m+fp/hard/libgcc.a(_udivmoddi4.o)
                              /usr/lib/gcc/arm-none-eabi/10.3.1/thumb/v7e-m+fp/hard/libgcc.a(_aeabi_uldivmod.o) (__udivmoddi4)
/usr/lib/gcc/arm-none-eabi/10.3.1/thumb/v7e-m+fp/hard/libgcc.a(_dvmd_tls.o)
                              /usr/lib/gcc/arm-none-eabi/10.3.1/thumb/v7e-m+fp/hard/libgcc.a(_aeabi_uldivmod.o) (__aeabi_ldiv0)

Discarded input sections

 .text          0x0000000000000000        0x0 /usr/lib/gcc/arm-none-eabi/10.3.1/thumb/v7e-m+fp/hard/crti.o
 .data          0x0000000000000000        0x0 /usr/lib/gcc/arm-none-eabi/10.3.1/thumb/v7e-m+fp/hard/crti.o
 .bss           0x0000000000000000        0x0 /usr/lib/gcc/arm-none-eabi/10.3.1/thumb/v7e-m+fp/hard/crti.o
 .data          0x0000000000000000        0x4 /usr/lib/gcc/arm-none-eabi/10.3.1/thumb/v7e-m+fp/hard/crtbegin.o
 .rodata        0x0000000000000000       0x24 /usr/lib/gcc/arm-none-eabi/10.3.1/thumb/v7e-m+fp/hard/crtbegin.o
 .text          0x0000000000000000       0x70 /usr/lib/gcc/arm-none-eabi/10.3.1/../../../arm-none-eabi/lib/thumb/v7e-m+fp/hard/crt0.o
 .data          0x0000000000000000        0x0 /usr/lib/gcc/arm-none-eabi/10.3.1/../../../arm-none-eabi/lib/thumb/v7e-m+fp/hard/crt0.o
 .bss           0x0000000000000000        0x0 /usr/lib/gcc/arm-none-eabi/10.3.1/../../../arm-none-eabi/lib/thumb/v7e-m+fp/hard/crt0.o
 .ARM.extab     0x0000000000000000        0x0 /usr/lib/gcc/arm-none-eabi/10.3.1/../../../arm-none-eabi/lib/thumb/v7e-m+fp/hard/crt0.o
 .ARM.exidx     0x0000000000000000       0x10 /usr/lib/gcc/arm-none-eabi/10.3.1/../../../arm-none-eabi/lib/thumb/v7e-m+fp/hard/crt0.o
 .debug_line    0x0000000000000000       0x87 /usr/lib/gcc/arm-none-eabi/10.3.1/../../../arm-none-eabi/lib/thumb/v7e-m+fp/hard/crt0.o
 .debug_info    0x0000000000000000       0x26 /usr/lib/gcc/arm-none-eabi/10.3.1/../../../arm-none-eabi/lib/thumb/v7e-m+fp/hard/crt0.o
 .debug_abbrev  0x0000000000000000       0x14 /usr/lib/gcc/arm-none-eabi/10.3.1/../../../arm-none-eabi/lib/thumb/v7e-m+fp/hard/crt0.o
 .debug_aranges
                0x0000000000000000       0x20 /usr/lib/gcc/arm-none-eabi/10.3.1/../../../arm-none-eabi/lib/thumb/v7e-m+fp/hard/crt0.o
 .debug_str     0x0000000000000000       0x98 /usr/lib/gcc/arm-none-eabi/10.3.1/../../../arm-none-eabi/lib/thumb/v7e-m+fp/hard/crt0.o
 .ARM.attributes
                0x0000000000000000       0x1c /usr/lib/gcc/arm-none-eabi/10.3.1/../../../arm-none-eabi/lib/thumb/v7e-m+fp/hard/crt0.o
 .group         0x0000000000000000        0xc ./Core/Src/main.o
[...]
Memory Configuration

Name             Origin             Length             Attributes
RAM              0x0000000020000000 0x0000000000010000 xrw
FLASH            0x0000000008000000 0x0000000000040000 xr
*default*        0x0000000000000000 0xffffffffffffffff

Linker script and memory map

LOAD /usr/lib/gcc/arm-none-eabi/10.3.1/thumb/v7e-m+fp/hard/crti.o
LOAD /usr/lib/gcc/arm-none-eabi/10.3.1/thumb/v7e-m+fp/hard/crtbegin.o
LOAD /usr/lib/gcc/arm-none-eabi/10.3.1/../../../arm-none-eabi/lib/thumb/v7e-m+fp/hard/crt0.o
LOAD ./Core/Src/main.o
LOAD ./Core/Src/stm32f4xx_hal_msp.o
LOAD ./Core/Src/stm32f4xx_it.o
LOAD ./Core/Src/syscalls.o
LOAD ./Core/Src/sysmem.o
LOAD ./Core/Src/system_stm32f4xx.o
LOAD ./Core/Startup/startup_stm32f401ccux.o
LOAD ./Drivers/STM32F4xx_HAL_Driver/Src/stm32f4xx_hal.o
LOAD ./Drivers/STM32F4xx_HAL_Driver/Src/stm32f4xx_hal_cortex.o
LOAD ./Drivers/STM32F4xx_HAL_Driver/Src/stm32f4xx_hal_dma.o
LOAD ./Drivers/STM32F4xx_HAL_Driver/Src/stm32f4xx_hal_dma_ex.o
LOAD ./Drivers/STM32F4xx_HAL_Driver/Src/stm32f4xx_hal_exti.o
LOAD ./Drivers/STM32F4xx_HAL_Driver/Src/stm32f4xx_hal_flash.o
LOAD ./Drivers/STM32F4xx_HAL_Driver/Src/stm32f4xx_hal_flash_ex.o
LOAD ./Drivers/STM32F4xx_HAL_Driver/Src/stm32f4xx_hal_flash_ramfunc.o
LOAD ./Drivers/STM32F4xx_HAL_Driver/Src/stm32f4xx_hal_gpio.o
LOAD ./Drivers/STM32F4xx_HAL_Driver/Src/stm32f4xx_hal_pcd.o
LOAD ./Drivers/STM32F4xx_HAL_Driver/Src/stm32f4xx_hal_pcd_ex.o
LOAD ./Drivers/STM32F4xx_HAL_Driver/Src/stm32f4xx_hal_pwr.o
LOAD ./Drivers/STM32F4xx_HAL_Driver/Src/stm32f4xx_hal_pwr_ex.o
LOAD ./Drivers/STM32F4xx_HAL_Driver/Src/stm32f4xx_hal_rcc.o
LOAD ./Drivers/STM32F4xx_HAL_Driver/Src/stm32f4xx_hal_rcc_ex.o
LOAD ./Drivers/STM32F4xx_HAL_Driver/Src/stm32f4xx_hal_tim.o
LOAD ./Drivers/STM32F4xx_HAL_Driver/Src/stm32f4xx_hal_tim_ex.o
LOAD ./Drivers/STM32F4xx_HAL_Driver/Src/stm32f4xx_ll_usb.o
LOAD ./Middlewares/ST/STM32_USB_Device_Library/Class/CDC/Src/usbd_cdc.o
LOAD ./Middlewares/ST/STM32_USB_Device_Library/Core/Src/usbd_core.o
LOAD ./Middlewares/ST/STM32_USB_Device_Library/Core/Src/usbd_ctlreq.o
LOAD ./Middlewares/ST/STM32_USB_Device_Library/Core/Src/usbd_ioreq.o
LOAD ./USB_DEVICE/App/usb_device.o
LOAD ./USB_DEVICE/App/usbd_cdc_if.o
LOAD ./USB_DEVICE/App/usbd_desc.o
LOAD ./USB_DEVICE/Target/usbd_conf.o
START GROUP
LOAD /usr/lib/gcc/arm-none-eabi/10.3.1/../../../arm-none-eabi/lib/thumb/v7e-m+fp/hard/libstdc++_nano.a
LOAD /usr/lib/gcc/arm-none-eabi/10.3.1/../../../arm-none-eabi/lib/thumb/v7e-m+fp/hard/libsupc++_nano.a
END GROUP
LOAD /usr/lib/gcc/arm-none-eabi/10.3.1/../../../arm-none-eabi/lib/thumb/v7e-m+fp/hard/libstdc++_nano.a
LOAD /usr/lib/gcc/arm-none-eabi/10.3.1/../../../arm-none-eabi/lib/thumb/v7e-m+fp/hard/libm.a
LOAD /usr/lib/gcc/arm-none-eabi/10.3.1/../../../arm-none-eabi/lib/thumb/v7e-m+fp/hard/libc_nano.a
START GROUP
LOAD /usr/lib/gcc/arm-none-eabi/10.3.1/thumb/v7e-m+fp/hard/libgcc.a
LOAD /usr/lib/gcc/arm-none-eabi/10.3.1/../../../arm-none-eabi/lib/thumb/v7e-m+fp/hard/libc_nano.a
END GROUP
START GROUP
LOAD /usr/lib/gcc/arm-none-eabi/10.3.1/thumb/v7e-m+fp/hard/libgcc.a
LOAD /usr/lib/gcc/arm-none-eabi/10.3.1/../../../arm-none-eabi/lib/thumb/v7e-m+fp/hard/libc_nano.a
LOAD /usr/lib/gcc/arm-none-eabi/10.3.1/../../../arm-none-eabi/lib/thumb/v7e-m+fp/hard/libnosys.a
END GROUP
START GROUP
LOAD /usr/lib/gcc/arm-none-eabi/10.3.1/thumb/v7e-m+fp/hard/libgcc.a
LOAD /usr/lib/gcc/arm-none-eabi/10.3.1/../../../arm-none-eabi/lib/thumb/v7e-m+fp/hard/libc_nano.a
LOAD /usr/lib/gcc/arm-none-eabi/10.3.1/../../../arm-none-eabi/lib/thumb/v7e-m+fp/hard/libnosys.a
END GROUP
LOAD /usr/lib/gcc/arm-none-eabi/10.3.1/thumb/v7e-m+fp/hard/crtend.o
LOAD /usr/lib/gcc/arm-none-eabi/10.3.1/thumb/v7e-m+fp/hard/crtn.o
                0x0000000020010000                _estack = (ORIGIN (RAM) + LENGTH (RAM))
                0x0000000000000200                _Min_Heap_Size = 0x200
                0x0000000000000400                _Min_Stack_Size = 0x400

.isr_vector     0x0000000008000000      0x194
                0x0000000008000000                . = ALIGN (0x4)
 *(.isr_vector)
 .isr_vector    0x0000000008000000      0x194 ./Core/Startup/startup_stm32f401ccux.o
                0x0000000008000000                g_pfnVectors
                0x0000000008000194                . = ALIGN (0x4)

.text           0x0000000008000194     0x6e40
                0x0000000008000194                . = ALIGN (0x4)
 *(.text)
 .text          0x0000000008000194       0x88 /usr/lib/gcc/arm-none-eabi/10.3.1/thumb/v7e-m+fp/hard/crtbegin.o
 .text          0x000000000800021c       0x48 /usr/lib/gcc/arm-none-eabi/10.3.1/../../../arm-none-eabi/lib/thumb/v7e-m+fp/hard/libc_nano.a(lib_a-init.o)
                0x000000000800021c                __libc_init_array
 .text          0x0000000008000264       0xa4 /usr/lib/gcc/arm-none-eabi/10.3.1/../../../arm-none-eabi/lib/thumb/v7e-m+fp/hard/libc_nano.a(lib_a-memset.o)
                0x0000000008000264                memset
 .text          0x0000000008000308       0x30 /usr/lib/gcc/arm-none-eabi/10.3.1/thumb/v7e-m+fp/hard/libgcc.a(_aeabi_uldivmod.o)
                0x0000000008000308                __aeabi_uldivmod
 .text          0x0000000008000338      0x2d0 /usr/lib/gcc/arm-none-eabi/10.3.1/thumb/v7e-m+fp/hard/libgcc.a(_udivmoddi4.o)
                0x0000000008000338                __udivmoddi4
 .text          0x0000000008000608        0x4 /usr/lib/gcc/arm-none-eabi/10.3.1/thumb/v7e-m+fp/hard/libgcc.a(_dvmd_tls.o)
                0x0000000008000608                __aeabi_ldiv0
                0x0000000008000608                __aeabi_idiv0
 *(.text*)
 .text.main     0x000000000800060c       0x90 ./Core/Src/main.o
                0x000000000800060c                main
 .text._Z18SystemClock_Configv
                0x000000000800069c       0xe8 ./Core/Src/main.o
                0x000000000800069c                SystemClock_Config()
 .text._ZL12MX_TIM4_Initv
                0x0000000008000784       0xc0 ./Core/Src/main.o
 .text._ZL12MX_GPIO_Initv
                0x0000000008000844       0xc0 ./Core/Src/main.o
 .text.HAL_TIM_PeriodElapsedCallback
                0x0000000008000904       0x34 ./Core/Src/main.o
                0x0000000008000904                HAL_TIM_PeriodElapsedCallback
 .text.Error_Handler
                0x0000000008000938        0xa ./Core/Src/main.o
                0x0000000008000938                Error_Handler
 *fill*         0x0000000008000942        0x2 
 .text.HAL_MspInit
                0x0000000008000944       0x50 ./Core/Src/stm32f4xx_hal_msp.o
                0x0000000008000944                HAL_MspInit
 .text.HAL_TIM_Base_MspInit
                0x0000000008000994       0x50 ./Core/Src/stm32f4xx_hal_msp.o
                0x0000000008000994                HAL_TIM_Base_MspInit
 .text.NMI_Handler
                0x00000000080009e4        0x6 ./Core/Src/stm32f4xx_it.o
                0x00000000080009e4                NMI_Handler
 .text.HardFault_Handler
                0x00000000080009ea        0x6 ./Core/Src/stm32f4xx_it.o
                0x00000000080009ea                HardFault_Handler
 .text.MemManage_Handler
                0x00000000080009f0        0x6 ./Core/Src/stm32f4xx_it.o
                0x00000000080009f0                MemManage_Handler
 .text.BusFault_Handler
                0x00000000080009f6        0x6 ./Core/Src/stm32f4xx_it.o
                0x00000000080009f6                BusFault_Handler
 .text.UsageFault_Handler
                0x00000000080009fc        0x6 ./Core/Src/stm32f4xx_it.o
                0x00000000080009fc                UsageFault_Handler
 .text.SVC_Handler
                0x0000000008000a02        0xe ./Core/Src/stm32f4xx_it.o
                0x0000000008000a02                SVC_Handler
 .text.DebugMon_Handler
                0x0000000008000a10        0xe ./Core/Src/stm32f4xx_it.o
                0x0000000008000a10                DebugMon_Handler
 .text.PendSV_Handler
                0x0000000008000a1e        0xe ./Core/Src/stm32f4xx_it.o
                0x0000000008000a1e                PendSV_Handler
 .text.SysTick_Handler
                0x0000000008000a2c        0xc ./Core/Src/stm32f4xx_it.o
                0x0000000008000a2c                SysTick_Handler
 .text.TIM4_IRQHandler
                0x0000000008000a38       0x14 ./Core/Src/stm32f4xx_it.o
                0x0000000008000a38                TIM4_IRQHandler
 .text.OTG_FS_IRQHandler
                0x0000000008000a4c       0x14 ./Core/Src/stm32f4xx_it.o
                0x0000000008000a4c                OTG_FS_IRQHandler
 .text.SystemInit
                0x0000000008000a60       0x24 ./Core/Src/system_stm32f4xx.o
                0x0000000008000a60                SystemInit
 .text.Reset_Handler
                0x0000000008000a84       0x50 ./Core/Startup/startup_stm32f401ccux.o
                0x0000000008000a84                Reset_Handler
 .text.Default_Handler
                0x0000000008000ad4        0x2 ./Core/Startup/startup_stm32f401ccux.o
                0x0000000008000ad4                RTC_Alarm_IRQHandler
                0x0000000008000ad4                EXTI2_IRQHandler
                0x0000000008000ad4                SPI4_IRQHandler
                0x0000000008000ad4                TIM1_CC_IRQHandler
                0x0000000008000ad4                DMA2_Stream5_IRQHandler
                0x0000000008000ad4                DMA1_Stream5_IRQHandler
                0x0000000008000ad4                PVD_IRQHandler
                0x0000000008000ad4                SDIO_IRQHandler
                0x0000000008000ad4                TAMP_STAMP_IRQHandler
                0x0000000008000ad4                EXTI3_IRQHandler
                0x0000000008000ad4                TIM1_UP_TIM10_IRQHandler
                0x0000000008000ad4                I2C3_ER_IRQHandler
                0x0000000008000ad4                EXTI0_IRQHandler
                0x0000000008000ad4                I2C2_EV_IRQHandler
                0x0000000008000ad4                DMA1_Stream2_IRQHandler
                0x0000000008000ad4                FPU_IRQHandler
                0x0000000008000ad4                DMA2_Stream2_IRQHandler
                0x0000000008000ad4                SPI1_IRQHandler
                0x0000000008000ad4                TIM1_BRK_TIM9_IRQHandler
                0x0000000008000ad4                DMA2_Stream3_IRQHandler
                0x0000000008000ad4                USART6_IRQHandler
                0x0000000008000ad4                DMA2_Stream0_IRQHandler
                0x0000000008000ad4                I2C1_EV_IRQHandler
                0x0000000008000ad4                DMA1_Stream6_IRQHandler
                0x0000000008000ad4                DMA1_Stream1_IRQHandler
                0x0000000008000ad4                TIM3_IRQHandler
                0x0000000008000ad4                RCC_IRQHandler
                0x0000000008000ad4                Default_Handler
                0x0000000008000ad4                EXTI15_10_IRQHandler
                0x0000000008000ad4                ADC_IRQHandler
                0x0000000008000ad4                DMA1_Stream7_IRQHandler
                0x0000000008000ad4                TIM5_IRQHandler
                0x0000000008000ad4                DMA2_Stream7_IRQHandler
                0x0000000008000ad4                I2C3_EV_IRQHandler
                0x0000000008000ad4                EXTI9_5_IRQHandler
                0x0000000008000ad4                RTC_WKUP_IRQHandler
                0x0000000008000ad4                SPI2_IRQHandler
                0x0000000008000ad4                DMA1_Stream0_IRQHandler
                0x0000000008000ad4                EXTI4_IRQHandler
                0x0000000008000ad4                WWDG_IRQHandler
                0x0000000008000ad4                TIM2_IRQHandler
                0x0000000008000ad4                OTG_FS_WKUP_IRQHandler
                0x0000000008000ad4                TIM1_TRG_COM_TIM11_IRQHandler
                0x0000000008000ad4                EXTI1_IRQHandler
                0x0000000008000ad4                USART2_IRQHandler
                0x0000000008000ad4                I2C2_ER_IRQHandler
                0x0000000008000ad4                DMA2_Stream1_IRQHandler
                0x0000000008000ad4                FLASH_IRQHandler
                0x0000000008000ad4                DMA2_Stream4_IRQHandler
                0x0000000008000ad4                USART1_IRQHandler
                0x0000000008000ad4                SPI3_IRQHandler
                0x0000000008000ad4                DMA1_Stream4_IRQHandler
                0x0000000008000ad4                I2C1_ER_IRQHandler
                0x0000000008000ad4                DMA2_Stream6_IRQHandler
                0x0000000008000ad4                DMA1_Stream3_IRQHandler
 *fill*         0x0000000008000ad6        0x2 
 .text.HAL_Init
                0x0000000008000ad8       0x44 ./Drivers/STM32F4xx_HAL_Driver/Src/stm32f4xx_hal.o
                0x0000000008000ad8                HAL_Init
 .text.HAL_InitTick
                0x0000000008000b1c       0x60 ./Drivers/STM32F4xx_HAL_Driver/Src/stm32f4xx_hal.o
                0x0000000008000b1c                HAL_InitTick
 .text.HAL_IncTick
                0x0000000008000b7c       0x28 ./Drivers/STM32F4xx_HAL_Driver/Src/stm32f4xx_hal.o
                0x0000000008000b7c                HAL_IncTick
 .text.HAL_GetTick
                0x0000000008000ba4       0x18 ./Drivers/STM32F4xx_HAL_Driver/Src/stm32f4xx_hal.o
                0x0000000008000ba4                HAL_GetTick
 .text.HAL_Delay
                0x0000000008000bbc       0x48 ./Drivers/STM32F4xx_HAL_Driver/Src/stm32f4xx_hal.o
                0x0000000008000bbc                HAL_Delay
 .text.__NVIC_SetPriorityGrouping
                0x0000000008000c04       0x48 ./Drivers/STM32F4xx_HAL_Driver/Src/stm32f4xx_hal_cortex.o
 .text.__NVIC_GetPriorityGrouping
                0x0000000008000c4c       0x1c ./Drivers/STM32F4xx_HAL_Driver/Src/stm32f4xx_hal_cortex.o
 .text.__NVIC_EnableIRQ
                0x0000000008000c68       0x3c ./Drivers/STM32F4xx_HAL_Driver/Src/stm32f4xx_hal_cortex.o
 .text.__NVIC_SetPriority
                0x0000000008000ca4       0x54 ./Drivers/STM32F4xx_HAL_Driver/Src/stm32f4xx_hal_cortex.o
 .text.NVIC_EncodePriority
                0x0000000008000cf8       0x66 ./Drivers/STM32F4xx_HAL_Driver/Src/stm32f4xx_hal_cortex.o
 *fill*         0x0000000008000d5e        0x2 
 .text.SysTick_Config
                0x0000000008000d60       0x44 ./Drivers/STM32F4xx_HAL_Driver/Src/stm32f4xx_hal_cortex.o
 .text.HAL_NVIC_SetPriorityGrouping
                0x0000000008000da4       0x16 ./Drivers/STM32F4xx_HAL_Driver/Src/stm32f4xx_hal_cortex.o
                0x0000000008000da4                HAL_NVIC_SetPriorityGrouping
 .text.HAL_NVIC_SetPriority
                0x0000000008000dba       0x38 ./Drivers/STM32F4xx_HAL_Driver/Src/stm32f4xx_hal_cortex.o
                0x0000000008000dba                HAL_NVIC_SetPriority
 .text.HAL_NVIC_EnableIRQ
                0x0000000008000df2       0x1c ./Drivers/STM32F4xx_HAL_Driver/Src/stm32f4xx_hal_cortex.o
                0x0000000008000df2                HAL_NVIC_EnableIRQ
 .text.HAL_SYSTICK_Config
                0x0000000008000e0e       0x18 ./Drivers/STM32F4xx_HAL_Driver/Src/stm32f4xx_hal_cortex.o
                0x0000000008000e0e                HAL_SYSTICK_Config
 *fill*         0x0000000008000e26        0x2 
 .text.HAL_GPIO_Init
                0x0000000008000e28      0x308 ./Drivers/STM32F4xx_HAL_Driver/Src/stm32f4xx_hal_gpio.o
                0x0000000008000e28                HAL_GPIO_Init
 .text.HAL_GPIO_WritePin
                0x0000000008001130       0x32 ./Drivers/STM32F4xx_HAL_Driver/Src/stm32f4xx_hal_gpio.o
                0x0000000008001130                HAL_GPIO_WritePin
 .text.HAL_GPIO_TogglePin
                0x0000000008001162       0x34 ./Drivers/STM32F4xx_HAL_Driver/Src/stm32f4xx_hal_gpio.o
                0x0000000008001162                HAL_GPIO_TogglePin
 .text.HAL_PCD_Init
                0x0000000008001196      0x23a ./Drivers/STM32F4xx_HAL_Driver/Src/stm32f4xx_hal_pcd.o
                0x0000000008001196                HAL_PCD_Init
 .text.HAL_PCD_Start
                0x00000000080013d0       0x66 ./Drivers/STM32F4xx_HAL_Driver/Src/stm32f4xx_hal_pcd.o
                0x00000000080013d0                HAL_PCD_Start
 .text.HAL_PCD_IRQHandler
                0x0000000008001436      0x764 ./Drivers/STM32F4xx_HAL_Driver/Src/stm32f4xx_hal_pcd.o
                0x0000000008001436                HAL_PCD_IRQHandler
 .text.HAL_PCD_SetAddress
                0x0000000008001b9a       0x4a ./Drivers/STM32F4xx_HAL_Driver/Src/stm32f4xx_hal_pcd.o
                0x0000000008001b9a                HAL_PCD_SetAddress
 .text.HAL_PCD_EP_Open
                0x0000000008001be4       0xd0 ./Drivers/STM32F4xx_HAL_Driver/Src/stm32f4xx_hal_pcd.o
                0x0000000008001be4                HAL_PCD_EP_Open
 .text.HAL_PCD_EP_Close
                0x0000000008001cb4       0x94 ./Drivers/STM32F4xx_HAL_Driver/Src/stm32f4xx_hal_pcd.o
                0x0000000008001cb4                HAL_PCD_EP_Close
 .text.HAL_PCD_EP_Receive
                0x0000000008001d48       0x96 ./Drivers/STM32F4xx_HAL_Driver/Src/stm32f4xx_hal_pcd.o
                0x0000000008001d48                HAL_PCD_EP_Receive
 .text.HAL_PCD_EP_GetRxCount
                0x0000000008001dde       0x30 ./Drivers/STM32F4xx_HAL_Driver/Src/stm32f4xx_hal_pcd.o
                0x0000000008001dde                HAL_PCD_EP_GetRxCount
 .text.HAL_PCD_EP_Transmit
                0x0000000008001e0e       0x94 ./Drivers/STM32F4xx_HAL_Driver/Src/stm32f4xx_hal_pcd.o
                0x0000000008001e0e                HAL_PCD_EP_Transmit
 .text.HAL_PCD_EP_SetStall
                0x0000000008001ea2       0xc8 ./Drivers/STM32F4xx_HAL_Driver/Src/stm32f4xx_hal_pcd.o
                0x0000000008001ea2                HAL_PCD_EP_SetStall
 .text.HAL_PCD_EP_ClrStall
                0x0000000008001f6a       0xac ./Drivers/STM32F4xx_HAL_Driver/Src/stm32f4xx_hal_pcd.o
                0x0000000008001f6a                HAL_PCD_EP_ClrStall
 .text.PCD_WriteEmptyTxFifo
                0x0000000008002016      0x11a ./Drivers/STM32F4xx_HAL_Driver/Src/stm32f4xx_hal_pcd.o
 .text.PCD_EP_OutXfrComplete_int
                0x0000000008002130      0x218 ./Drivers/STM32F4xx_HAL_Driver/Src/stm32f4xx_hal_pcd.o
 .text.PCD_EP_OutSetupPacket_int
                0x0000000008002348       0x8c ./Drivers/STM32F4xx_HAL_Driver/Src/stm32f4xx_hal_pcd.o
 .text.HAL_PCDEx_SetTxFiFo
                0x00000000080023d4       0x8e ./Drivers/STM32F4xx_HAL_Driver/Src/stm32f4xx_hal_pcd_ex.o
                0x00000000080023d4                HAL_PCDEx_SetTxFiFo
 .text.HAL_PCDEx_SetRxFiFo
                0x0000000008002462       0x22 ./Drivers/STM32F4xx_HAL_Driver/Src/stm32f4xx_hal_pcd_ex.o
                0x0000000008002462                HAL_PCDEx_SetRxFiFo
 .text.HAL_PCDEx_LPM_Callback
                0x0000000008002484       0x18 ./Drivers/STM32F4xx_HAL_Driver/Src/stm32f4xx_hal_pcd_ex.o
                0x0000000008002484                HAL_PCDEx_LPM_Callback
 .text.HAL_RCC_OscConfig
                0x000000000800249c      0x4f0 ./Drivers/STM32F4xx_HAL_Driver/Src/stm32f4xx_hal_rcc.o
                0x000000000800249c                HAL_RCC_OscConfig
 .text.HAL_RCC_ClockConfig
                0x000000000800298c      0x1cc ./Drivers/STM32F4xx_HAL_Driver/Src/stm32f4xx_hal_rcc.o
                0x000000000800298c                HAL_RCC_ClockConfig
 .text.HAL_RCC_GetSysClockFreq
                0x0000000008002b58      0x18c ./Drivers/STM32F4xx_HAL_Driver/Src/stm32f4xx_hal_rcc.o
                0x0000000008002b58                HAL_RCC_GetSysClockFreq
 .text.HAL_RCC_GetHCLKFreq
                0x0000000008002ce4       0x18 ./Drivers/STM32F4xx_HAL_Driver/Src/stm32f4xx_hal_rcc.o
                0x0000000008002ce4                HAL_RCC_GetHCLKFreq
 .text.HAL_TIM_Base_Init
                0x0000000008002cfc       0x9e ./Drivers/STM32F4xx_HAL_Driver/Src/stm32f4xx_hal_tim.o
                0x0000000008002cfc                HAL_TIM_Base_Init
 *fill*         0x0000000008002d9a        0x2 
 .text.HAL_TIM_Base_Start_IT
                0x0000000008002d9c       0xc4 ./Drivers/STM32F4xx_HAL_Driver/Src/stm32f4xx_hal_tim.o
                0x0000000008002d9c                HAL_TIM_Base_Start_IT
 .text.HAL_TIM_IRQHandler
                0x0000000008002e60      0x210 ./Drivers/STM32F4xx_HAL_Driver/Src/stm32f4xx_hal_tim.o
                0x0000000008002e60                HAL_TIM_IRQHandler
 .text.HAL_TIM_ConfigClockSource
                0x0000000008003070      0x18e ./Drivers/STM32F4xx_HAL_Driver/Src/stm32f4xx_hal_tim.o
                0x0000000008003070                HAL_TIM_ConfigClockSource
 .text.HAL_TIM_OC_DelayElapsedCallback
                0x00000000080031fe       0x14 ./Drivers/STM32F4xx_HAL_Driver/Src/stm32f4xx_hal_tim.o
                0x00000000080031fe                HAL_TIM_OC_DelayElapsedCallback
 .text.HAL_TIM_IC_CaptureCallback
                0x0000000008003212       0x14 ./Drivers/STM32F4xx_HAL_Driver/Src/stm32f4xx_hal_tim.o
                0x0000000008003212                HAL_TIM_IC_CaptureCallback
 .text.HAL_TIM_PWM_PulseFinishedCallback
                0x0000000008003226       0x14 ./Drivers/STM32F4xx_HAL_Driver/Src/stm32f4xx_hal_tim.o
                0x0000000008003226                HAL_TIM_PWM_PulseFinishedCallback
 .text.HAL_TIM_TriggerCallback
                0x000000000800323a       0x14 ./Drivers/STM32F4xx_HAL_Driver/Src/stm32f4xx_hal_tim.o
                0x000000000800323a                HAL_TIM_TriggerCallback
 *fill*         0x000000000800324e        0x2 
 .text.TIM_Base_SetConfig
                0x0000000008003250      0x100 ./Drivers/STM32F4xx_HAL_Driver/Src/stm32f4xx_hal_tim.o
                0x0000000008003250                TIM_Base_SetConfig
 .text.TIM_TI1_ConfigInputStage
                0x0000000008003350       0x5e ./Drivers/STM32F4xx_HAL_Driver/Src/stm32f4xx_hal_tim.o
 .text.TIM_TI2_ConfigInputStage
                0x00000000080033ae       0x60 ./Drivers/STM32F4xx_HAL_Driver/Src/stm32f4xx_hal_tim.o
 .text.TIM_ITRx_SetConfig
                0x000000000800340e       0x36 ./Drivers/STM32F4xx_HAL_Driver/Src/stm32f4xx_hal_tim.o
 .text.TIM_ETR_SetConfig
                0x0000000008003444       0x40 ./Drivers/STM32F4xx_HAL_Driver/Src/stm32f4xx_hal_tim.o
                0x0000000008003444                TIM_ETR_SetConfig
 .text.HAL_TIMEx_MasterConfigSynchronization
                0x0000000008003484       0xdc ./Drivers/STM32F4xx_HAL_Driver/Src/stm32f4xx_hal_tim_ex.o
                0x0000000008003484                HAL_TIMEx_MasterConfigSynchronization
 .text.HAL_TIMEx_CommutCallback
                0x0000000008003560       0x14 ./Drivers/STM32F4xx_HAL_Driver/Src/stm32f4xx_hal_tim_ex.o
                0x0000000008003560                HAL_TIMEx_CommutCallback
 .text.HAL_TIMEx_BreakCallback
                0x0000000008003574       0x14 ./Drivers/STM32F4xx_HAL_Driver/Src/stm32f4xx_hal_tim_ex.o
                0x0000000008003574                HAL_TIMEx_BreakCallback
 .text.USB_CoreInit
                0x0000000008003588       0xc2 ./Drivers/STM32F4xx_HAL_Driver/Src/stm32f4xx_ll_usb.o
                0x0000000008003588                USB_CoreInit
 *fill*         0x000000000800364a        0x2 
 .text.USB_SetTurnaroundTime
                0x000000000800364c      0x144 ./Drivers/STM32F4xx_HAL_Driver/Src/stm32f4xx_ll_usb.o
                0x000000000800364c                USB_SetTurnaroundTime
 .text.USB_EnableGlobalInt
                0x0000000008003790       0x22 ./Drivers/STM32F4xx_HAL_Driver/Src/stm32f4xx_ll_usb.o
                0x0000000008003790                USB_EnableGlobalInt
 .text.USB_DisableGlobalInt
                0x00000000080037b2       0x22 ./Drivers/STM32F4xx_HAL_Driver/Src/stm32f4xx_ll_usb.o
                0x00000000080037b2                USB_DisableGlobalInt
 .text.USB_SetCurrentMode
                0x00000000080037d4       0x98 ./Drivers/STM32F4xx_HAL_Driver/Src/stm32f4xx_ll_usb.o
                0x00000000080037d4                USB_SetCurrentMode
 .text.USB_DevInit
                0x000000000800386c      0x2c8 ./Drivers/STM32F4xx_HAL_Driver/Src/stm32f4xx_ll_usb.o
                0x000000000800386c                USB_DevInit
 .text.USB_FlushTxFifo
                0x0000000008003b34       0x48 ./Drivers/STM32F4xx_HAL_Driver/Src/stm32f4xx_ll_usb.o
                0x0000000008003b34                USB_FlushTxFifo
 .text.USB_FlushRxFifo
                0x0000000008003b7c       0x40 ./Drivers/STM32F4xx_HAL_Driver/Src/stm32f4xx_ll_usb.o
                0x0000000008003b7c                USB_FlushRxFifo
 .text.USB_SetDevSpeed
                0x0000000008003bbc       0x32 ./Drivers/STM32F4xx_HAL_Driver/Src/stm32f4xx_ll_usb.o
                0x0000000008003bbc                USB_SetDevSpeed
 .text.USB_GetDevSpeed
                0x0000000008003bee       0x4a ./Drivers/STM32F4xx_HAL_Driver/Src/stm32f4xx_ll_usb.o
                0x0000000008003bee                USB_GetDevSpeed
 .text.USB_ActivateEndpoint
                0x0000000008003c38      0x10e ./Drivers/STM32F4xx_HAL_Driver/Src/stm32f4xx_ll_usb.o
                0x0000000008003c38                USB_ActivateEndpoint
 *fill*         0x0000000008003d46        0x2 
 .text.USB_DeactivateEndpoint
                0x0000000008003d48      0x1b8 ./Drivers/STM32F4xx_HAL_Driver/Src/stm32f4xx_ll_usb.o
                0x0000000008003d48                USB_DeactivateEndpoint
 .text.USB_EPStartXfer
                0x0000000008003f00      0x488 ./Drivers/STM32F4xx_HAL_Driver/Src/stm32f4xx_ll_usb.o
                0x0000000008003f00                USB_EPStartXfer
 .text.USB_EP0StartXfer
                0x0000000008004388      0x2a6 ./Drivers/STM32F4xx_HAL_Driver/Src/stm32f4xx_ll_usb.o
                0x0000000008004388                USB_EP0StartXfer
 .text.USB_WritePacket
                0x000000000800462e       0x7c ./Drivers/STM32F4xx_HAL_Driver/Src/stm32f4xx_ll_usb.o
                0x000000000800462e                USB_WritePacket
 .text.USB_ReadPacket
                0x00000000080046aa       0xb0 ./Drivers/STM32F4xx_HAL_Driver/Src/stm32f4xx_ll_usb.o
                0x00000000080046aa                USB_ReadPacket
 .text.USB_EPSetStall
                0x000000000800475a       0xdc ./Drivers/STM32F4xx_HAL_Driver/Src/stm32f4xx_ll_usb.o
                0x000000000800475a                USB_EPSetStall
 .text.USB_EPClearStall
                0x0000000008004836       0xcc ./Drivers/STM32F4xx_HAL_Driver/Src/stm32f4xx_ll_usb.o
                0x0000000008004836                USB_EPClearStall
 .text.USB_SetDevAddress
                0x0000000008004902       0x4c ./Drivers/STM32F4xx_HAL_Driver/Src/stm32f4xx_ll_usb.o
                0x0000000008004902                USB_SetDevAddress
 .text.USB_DevConnect
                0x000000000800494e       0x42 ./Drivers/STM32F4xx_HAL_Driver/Src/stm32f4xx_ll_usb.o
                0x000000000800494e                USB_DevConnect
 .text.USB_DevDisconnect
                0x0000000008004990       0x42 ./Drivers/STM32F4xx_HAL_Driver/Src/stm32f4xx_ll_usb.o
                0x0000000008004990                USB_DevDisconnect
 .text.USB_ReadInterrupts
                0x00000000080049d2       0x26 ./Drivers/STM32F4xx_HAL_Driver/Src/stm32f4xx_ll_usb.o
                0x00000000080049d2                USB_ReadInterrupts
 .text.USB_ReadDevAllOutEpInterrupt
                0x00000000080049f8       0x34 ./Drivers/STM32F4xx_HAL_Driver/Src/stm32f4xx_ll_usb.o
                0x00000000080049f8                USB_ReadDevAllOutEpInterrupt
 .text.USB_ReadDevAllInEpInterrupt
                0x0000000008004a2c       0x34 ./Drivers/STM32F4xx_HAL_Driver/Src/stm32f4xx_ll_usb.o
                0x0000000008004a2c                USB_ReadDevAllInEpInterrupt
 .text.USB_ReadDevOutEPInterrupt
                0x0000000008004a60       0x3c ./Drivers/STM32F4xx_HAL_Driver/Src/stm32f4xx_ll_usb.o
                0x0000000008004a60                USB_ReadDevOutEPInterrupt
 .text.USB_ReadDevInEPInterrupt
                0x0000000008004a9c       0x5c ./Drivers/STM32F4xx_HAL_Driver/Src/stm32f4xx_ll_usb.o
                0x0000000008004a9c                USB_ReadDevInEPInterrupt
 .text.USB_GetMode
                0x0000000008004af8       0x1c ./Drivers/STM32F4xx_HAL_Driver/Src/stm32f4xx_ll_usb.o
                0x0000000008004af8                USB_GetMode
 .text.USB_ActivateSetup
                0x0000000008004b14       0x46 ./Drivers/STM32F4xx_HAL_Driver/Src/stm32f4xx_ll_usb.o
                0x0000000008004b14                USB_ActivateSetup
 *fill*         0x0000000008004b5a        0x2 
 .text.USB_EP0_OutStart
                0x0000000008004b5c       0xbc ./Drivers/STM32F4xx_HAL_Driver/Src/stm32f4xx_ll_usb.o
                0x0000000008004b5c                USB_EP0_OutStart
 .text.USB_CoreReset
                0x0000000008004c18       0x64 ./Drivers/STM32F4xx_HAL_Driver/Src/stm32f4xx_ll_usb.o
 .text.USBD_CDC_Init
                0x0000000008004c7c       0xfe ./Middlewares/ST/STM32_USB_Device_Library/Class/CDC/Src/usbd_cdc.o
 .text.USBD_CDC_DeInit
                0x0000000008004d7a       0x74 ./Middlewares/ST/STM32_USB_Device_Library/Class/CDC/Src/usbd_cdc.o
 *fill*         0x0000000008004dee        0x2 
 .text.USBD_CDC_Setup
                0x0000000008004df0      0x190 ./Middlewares/ST/STM32_USB_Device_Library/Class/CDC/Src/usbd_cdc.o
 .text.USBD_CDC_DataIn
                0x0000000008004f80       0xca ./Middlewares/ST/STM32_USB_Device_Library/Class/CDC/Src/usbd_cdc.o
 .text.USBD_CDC_DataOut
                0x000000000800504a       0x56 ./Middlewares/ST/STM32_USB_Device_Library/Class/CDC/Src/usbd_cdc.o
 .text.USBD_CDC_EP0_RxReady
                0x00000000080050a0       0x5a ./Middlewares/ST/STM32_USB_Device_Library/Class/CDC/Src/usbd_cdc.o
 *fill*         0x00000000080050fa        0x2 
 .text.USBD_CDC_GetFSCfgDesc
                0x00000000080050fc       0x20 ./Middlewares/ST/STM32_USB_Device_Library/Class/CDC/Src/usbd_cdc.o
 .text.USBD_CDC_GetHSCfgDesc
                0x000000000800511c       0x20 ./Middlewares/ST/STM32_USB_Device_Library/Class/CDC/Src/usbd_cdc.o
 .text.USBD_CDC_GetOtherSpeedCfgDesc
                0x000000000800513c       0x20 ./Middlewares/ST/STM32_USB_Device_Library/Class/CDC/Src/usbd_cdc.o
 .text.USBD_CDC_GetDeviceQualifierDescriptor
                0x000000000800515c       0x20 ./Middlewares/ST/STM32_USB_Device_Library/Class/CDC/Src/usbd_cdc.o
                0x000000000800515c                USBD_CDC_GetDeviceQualifierDescriptor
 .text.USBD_CDC_RegisterInterface
                0x000000000800517c       0x2a ./Middlewares/ST/STM32_USB_Device_Library/Class/CDC/Src/usbd_cdc.o
                0x000000000800517c                USBD_CDC_RegisterInterface
 .text.USBD_CDC_SetTxBuffer
                0x00000000080051a6       0x3c ./Middlewares/ST/STM32_USB_Device_Library/Class/CDC/Src/usbd_cdc.o
                0x00000000080051a6                USBD_CDC_SetTxBuffer
 .text.USBD_CDC_SetRxBuffer
                0x00000000080051e2       0x32 ./Middlewares/ST/STM32_USB_Device_Library/Class/CDC/Src/usbd_cdc.o
                0x00000000080051e2                USBD_CDC_SetRxBuffer
 .text.USBD_CDC_TransmitPacket
                0x0000000008005214       0x60 ./Middlewares/ST/STM32_USB_Device_Library/Class/CDC/Src/usbd_cdc.o
                0x0000000008005214                USBD_CDC_TransmitPacket
 .text.USBD_CDC_ReceivePacket
                0x0000000008005274       0x54 ./Middlewares/ST/STM32_USB_Device_Library/Class/CDC/Src/usbd_cdc.o
                0x0000000008005274                USBD_CDC_ReceivePacket
 .text.USBD_Init
                0x00000000080052c8       0x60 ./Middlewares/ST/STM32_USB_Device_Library/Core/Src/usbd_core.o
                0x00000000080052c8                USBD_Init
 .text.USBD_RegisterClass
                0x0000000008005328       0x4e ./Middlewares/ST/STM32_USB_Device_Library/Core/Src/usbd_core.o
                0x0000000008005328                USBD_RegisterClass
 .text.USBD_Start
                0x0000000008005376       0x18 ./Middlewares/ST/STM32_USB_Device_Library/Core/Src/usbd_core.o
                0x0000000008005376                USBD_Start
 .text.USBD_RunTestMode
                0x000000000800538e       0x16 ./Middlewares/ST/STM32_USB_Device_Library/Core/Src/usbd_core.o
                0x000000000800538e                USBD_RunTestMode
 .text.USBD_SetClassConfig
                0x00000000080053a4       0x38 ./Middlewares/ST/STM32_USB_Device_Library/Core/Src/usbd_core.o
                0x00000000080053a4                USBD_SetClassConfig
 .text.USBD_ClrClassConfig
                0x00000000080053dc       0x30 ./Middlewares/ST/STM32_USB_Device_Library/Core/Src/usbd_core.o
                0x00000000080053dc                USBD_ClrClassConfig
 .text.USBD_LL_SetupStage
                0x000000000800540c       0xaa ./Middlewares/ST/STM32_USB_Device_Library/Core/Src/usbd_core.o
                0x000000000800540c                USBD_LL_SetupStage
 .text.USBD_LL_DataOutStage
                0x00000000080054b6       0xc6 ./Middlewares/ST/STM32_USB_Device_Library/Core/Src/usbd_core.o
                0x00000000080054b6                USBD_LL_DataOutStage
 .text.USBD_LL_DataInStage
                0x000000000800557c      0x12c ./Middlewares/ST/STM32_USB_Device_Library/Core/Src/usbd_core.o
                0x000000000800557c                USBD_LL_DataInStage
 .text.USBD_LL_Reset
                0x00000000080056a8       0x9c ./Middlewares/ST/STM32_USB_Device_Library/Core/Src/usbd_core.o
                0x00000000080056a8                USBD_LL_Reset
 .text.USBD_LL_SetSpeed
                0x0000000008005744       0x20 ./Middlewares/ST/STM32_USB_Device_Library/Core/Src/usbd_core.o
                0x0000000008005744                USBD_LL_SetSpeed
 .text.USBD_LL_Suspend
                0x0000000008005764       0x2c ./Middlewares/ST/STM32_USB_Device_Library/Core/Src/usbd_core.o
                0x0000000008005764                USBD_LL_Suspend
 .text.USBD_LL_Resume
                0x0000000008005790       0x30 ./Middlewares/ST/STM32_USB_Device_Library/Core/Src/usbd_core.o
                0x0000000008005790                USBD_LL_Resume
 .text.USBD_LL_SOF
                0x00000000080057c0       0x44 ./Middlewares/ST/STM32_USB_Device_Library/Core/Src/usbd_core.o
                0x00000000080057c0                USBD_LL_SOF
 .text.USBD_LL_IsoINIncomplete
                0x0000000008005804       0x4c ./Middlewares/ST/STM32_USB_Device_Library/Core/Src/usbd_core.o
                0x0000000008005804                USBD_LL_IsoINIncomplete
 .text.USBD_LL_IsoOUTIncomplete
                0x0000000008005850       0x4c ./Middlewares/ST/STM32_USB_Device_Library/Core/Src/usbd_core.o
                0x0000000008005850                USBD_LL_IsoOUTIncomplete
 .text.USBD_LL_DevConnected
                0x000000000800589c       0x16 ./Middlewares/ST/STM32_USB_Device_Library/Core/Src/usbd_core.o
                0x000000000800589c                USBD_LL_DevConnected
 .text.USBD_LL_DevDisconnected
                0x00000000080058b2       0x38 ./Middlewares/ST/STM32_USB_Device_Library/Core/Src/usbd_core.o
                0x00000000080058b2                USBD_LL_DevDisconnected
 .text.SWAPBYTE
                0x00000000080058ea       0x3c ./Middlewares/ST/STM32_USB_Device_Library/Core/Src/usbd_ctlreq.o
 *fill*         0x0000000008005926        0x2 
 .text.USBD_StdDevReq
                0x0000000008005928       0xdc ./Middlewares/ST/STM32_USB_Device_Library/Core/Src/usbd_ctlreq.o
                0x0000000008005928                USBD_StdDevReq
 .text.USBD_StdItfReq
                0x0000000008005a04       0x92 ./Middlewares/ST/STM32_USB_Device_Library/Core/Src/usbd_ctlreq.o
                0x0000000008005a04                USBD_StdItfReq
 .text.USBD_StdEPReq
                0x0000000008005a96      0x2c4 ./Middlewares/ST/STM32_USB_Device_Library/Core/Src/usbd_ctlreq.o
                0x0000000008005a96                USBD_StdEPReq
 *fill*         0x0000000008005d5a        0x2 
 .text.USBD_GetDescriptor
                0x0000000008005d5c      0x2d4 ./Middlewares/ST/STM32_USB_Device_Library/Core/Src/usbd_ctlreq.o
 .text.USBD_SetAddress
                0x0000000008006030       0x88 ./Middlewares/ST/STM32_USB_Device_Library/Core/Src/usbd_ctlreq.o
 .text.USBD_SetConfig
                0x00000000080060b8      0x14c ./Middlewares/ST/STM32_USB_Device_Library/Core/Src/usbd_ctlreq.o
 .text.USBD_GetConfig
                0x0000000008006204       0x6c ./Middlewares/ST/STM32_USB_Device_Library/Core/Src/usbd_ctlreq.o
 .text.USBD_GetStatus
                0x0000000008006270       0x68 ./Middlewares/ST/STM32_USB_Device_Library/Core/Src/usbd_ctlreq.o
 .text.USBD_SetFeature
                0x00000000080062d8       0x28 ./Middlewares/ST/STM32_USB_Device_Library/Core/Src/usbd_ctlreq.o
 .text.USBD_ClrFeature
                0x0000000008006300       0x44 ./Middlewares/ST/STM32_USB_Device_Library/Core/Src/usbd_ctlreq.o
 .text.USBD_ParseSetupRequest
                0x0000000008006344       0x74 ./Middlewares/ST/STM32_USB_Device_Library/Core/Src/usbd_ctlreq.o
                0x0000000008006344                USBD_ParseSetupRequest
 .text.USBD_CtlError
                0x00000000080063b8       0x22 ./Middlewares/ST/STM32_USB_Device_Library/Core/Src/usbd_ctlreq.o
                0x00000000080063b8                USBD_CtlError
 .text.USBD_GetString
                0x00000000080063da       0x8c ./Middlewares/ST/STM32_USB_Device_Library/Core/Src/usbd_ctlreq.o
                0x00000000080063da                USBD_GetString
 .text.USBD_GetLen
                0x0000000008006466       0x34 ./Middlewares/ST/STM32_USB_Device_Library/Core/Src/usbd_ctlreq.o
 .text.USBD_CtlSendData
                0x000000000800649a       0x36 ./Middlewares/ST/STM32_USB_Device_Library/Core/Src/usbd_ioreq.o
                0x000000000800649a                USBD_CtlSendData
 .text.USBD_CtlContinueSendData
                0x00000000080064d0       0x22 ./Middlewares/ST/STM32_USB_Device_Library/Core/Src/usbd_ioreq.o
                0x00000000080064d0                USBD_CtlContinueSendData
 .text.USBD_CtlPrepareRx
                0x00000000080064f2       0x3a ./Middlewares/ST/STM32_USB_Device_Library/Core/Src/usbd_ioreq.o
                0x00000000080064f2                USBD_CtlPrepareRx
 .text.USBD_CtlContinueRx
                0x000000000800652c       0x22 ./Middlewares/ST/STM32_USB_Device_Library/Core/Src/usbd_ioreq.o
                0x000000000800652c                USBD_CtlContinueRx
 .text.USBD_CtlSendStatus
                0x000000000800654e       0x26 ./Middlewares/ST/STM32_USB_Device_Library/Core/Src/usbd_ioreq.o
                0x000000000800654e                USBD_CtlSendStatus
 .text.USBD_CtlReceiveStatus
                0x0000000008006574       0x26 ./Middlewares/ST/STM32_USB_Device_Library/Core/Src/usbd_ioreq.o
                0x0000000008006574                USBD_CtlReceiveStatus
 *fill*         0x000000000800659a        0x2 
 .text.MX_USB_DEVICE_Init
                0x000000000800659c       0x60 ./USB_DEVICE/App/usb_device.o
                0x000000000800659c                MX_USB_DEVICE_Init
 .text.CDC_Init_FS
                0x00000000080065fc       0x28 ./USB_DEVICE/App/usbd_cdc_if.o
 .text.CDC_DeInit_FS
                0x0000000008006624       0x10 ./USB_DEVICE/App/usbd_cdc_if.o
 .text.CDC_Control_FS
                0x0000000008006634       0xbc ./USB_DEVICE/App/usbd_cdc_if.o
 .text.CDC_Receive_FS
                0x00000000080066f0       0x28 ./USB_DEVICE/App/usbd_cdc_if.o
 .text.CDC_Transmit_FS
                0x0000000008006718       0x4c ./USB_DEVICE/App/usbd_cdc_if.o
                0x0000000008006718                CDC_Transmit_FS
 .text.CDC_TransmitCplt_FS
                0x0000000008006764       0x22 ./USB_DEVICE/App/usbd_cdc_if.o
 *fill*         0x0000000008006786        0x2 
 .text.USBD_FS_DeviceDescriptor
                0x0000000008006788       0x24 ./USB_DEVICE/App/usbd_desc.o
                0x0000000008006788                USBD_FS_DeviceDescriptor
 .text.USBD_FS_LangIDStrDescriptor
                0x00000000080067ac       0x24 ./USB_DEVICE/App/usbd_desc.o
                0x00000000080067ac                USBD_FS_LangIDStrDescriptor
 .text.USBD_FS_ProductStrDescriptor
                0x00000000080067d0       0x3c ./USB_DEVICE/App/usbd_desc.o
                0x00000000080067d0                USBD_FS_ProductStrDescriptor
 .text.USBD_FS_ManufacturerStrDescriptor
                0x000000000800680c       0x28 ./USB_DEVICE/App/usbd_desc.o
                0x000000000800680c                USBD_FS_ManufacturerStrDescriptor
 .text.USBD_FS_SerialStrDescriptor
                0x0000000008006834       0x24 ./USB_DEVICE/App/usbd_desc.o
                0x0000000008006834                USBD_FS_SerialStrDescriptor
 .text.USBD_FS_ConfigStrDescriptor
                0x0000000008006858       0x3c ./USB_DEVICE/App/usbd_desc.o
                0x0000000008006858                USBD_FS_ConfigStrDescriptor
 .text.USBD_FS_InterfaceStrDescriptor
                0x0000000008006894       0x3c ./USB_DEVICE/App/usbd_desc.o
                0x0000000008006894                USBD_FS_InterfaceStrDescriptor
 .text.Get_SerialNum
                0x00000000080068d0       0x58 ./USB_DEVICE/App/usbd_desc.o
 .text.IntToUnicode
                0x0000000008006928       0x7e ./USB_DEVICE/App/usbd_desc.o
 *fill*         0x00000000080069a6        0x2 
 .text.HAL_PCD_MspInit
                0x00000000080069a8       0xa8 ./USB_DEVICE/Target/usbd_conf.o
                0x00000000080069a8                HAL_PCD_MspInit
 .text.HAL_PCD_SetupStageCallback
                0x0000000008006a50       0x24 ./USB_DEVICE/Target/usbd_conf.o
                0x0000000008006a50                HAL_PCD_SetupStageCallback
 .text.HAL_PCD_DataOutStageCallback
                0x0000000008006a74       0x36 ./USB_DEVICE/Target/usbd_conf.o
                0x0000000008006a74                HAL_PCD_DataOutStageCallback
 .text.HAL_PCD_DataInStageCallback
                0x0000000008006aaa       0x34 ./USB_DEVICE/Target/usbd_conf.o
                0x0000000008006aaa                HAL_PCD_DataInStageCallback
 .text.HAL_PCD_SOFCallback
                0x0000000008006ade       0x1c ./USB_DEVICE/Target/usbd_conf.o
                0x0000000008006ade                HAL_PCD_SOFCallback
 .text.HAL_PCD_ResetCallback
                0x0000000008006afa       0x3c ./USB_DEVICE/Target/usbd_conf.o
                0x0000000008006afa                HAL_PCD_ResetCallback
 *fill*         0x0000000008006b36        0x2 
 .text.HAL_PCD_SuspendCallback
                0x0000000008006b38       0x4c ./USB_DEVICE/Target/usbd_conf.o
                0x0000000008006b38                HAL_PCD_SuspendCallback
 .text.HAL_PCD_ResumeCallback
                0x0000000008006b84       0x1c ./USB_DEVICE/Target/usbd_conf.o
                0x0000000008006b84                HAL_PCD_ResumeCallback
 .text.HAL_PCD_ISOOUTIncompleteCallback
                0x0000000008006ba0       0x24 ./USB_DEVICE/Target/usbd_conf.o
                0x0000000008006ba0                HAL_PCD_ISOOUTIncompleteCallback
 .text.HAL_PCD_ISOINIncompleteCallback
                0x0000000008006bc4       0x24 ./USB_DEVICE/Target/usbd_conf.o
                0x0000000008006bc4                HAL_PCD_ISOINIncompleteCallback
 .text.HAL_PCD_ConnectCallback
                0x0000000008006be8       0x1c ./USB_DEVICE/Target/usbd_conf.o
                0x0000000008006be8                HAL_PCD_ConnectCallback
 .text.HAL_PCD_DisconnectCallback
                0x0000000008006c04       0x1c ./USB_DEVICE/Target/usbd_conf.o
                0x0000000008006c04                HAL_PCD_DisconnectCallback
 .text.USBD_LL_Init
                0x0000000008006c20       0x98 ./USB_DEVICE/Target/usbd_conf.o
                0x0000000008006c20                USBD_LL_Init
 .text.USBD_LL_Start
                0x0000000008006cb8       0x36 ./USB_DEVICE/Target/usbd_conf.o
                0x0000000008006cb8                USBD_LL_Start
 .text.USBD_LL_OpenEP
                0x0000000008006cee       0x4c ./USB_DEVICE/Target/usbd_conf.o
                0x0000000008006cee                USBD_LL_OpenEP
 .text.USBD_LL_CloseEP
                0x0000000008006d3a       0x3e ./USB_DEVICE/Target/usbd_conf.o
                0x0000000008006d3a                USBD_LL_CloseEP
 .text.USBD_LL_StallEP
                0x0000000008006d78       0x3e ./USB_DEVICE/Target/usbd_conf.o
                0x0000000008006d78                USBD_LL_StallEP
 .text.USBD_LL_ClearStallEP
                0x0000000008006db6       0x3e ./USB_DEVICE/Target/usbd_conf.o
                0x0000000008006db6                USBD_LL_ClearStallEP
 .text.USBD_LL_IsStallEP
                0x0000000008006df4       0x58 ./USB_DEVICE/Target/usbd_conf.o
                0x0000000008006df4                USBD_LL_IsStallEP
 .text.USBD_LL_SetUSBAddress
                0x0000000008006e4c       0x3e ./USB_DEVICE/Target/usbd_conf.o
                0x0000000008006e4c                USBD_LL_SetUSBAddress
 .text.USBD_LL_Transmit
                0x0000000008006e8a       0x42 ./USB_DEVICE/Target/usbd_conf.o
                0x0000000008006e8a                USBD_LL_Transmit
 .text.USBD_LL_PrepareReceive
                0x0000000008006ecc       0x42 ./USB_DEVICE/Target/usbd_conf.o
                0x0000000008006ecc                USBD_LL_PrepareReceive
 .text.USBD_LL_GetRxDataSize
                0x0000000008006f0e       0x26 ./USB_DEVICE/Target/usbd_conf.o
                0x0000000008006f0e                USBD_LL_GetRxDataSize
 .text.USBD_static_malloc
                0x0000000008006f34       0x1c ./USB_DEVICE/Target/usbd_conf.o
                0x0000000008006f34                USBD_static_malloc
 .text.USBD_static_free
                0x0000000008006f50       0x14 ./USB_DEVICE/Target/usbd_conf.o
                0x0000000008006f50                USBD_static_free
 .text.USBD_Get_USB_Status
                0x0000000008006f64       0x58 ./USB_DEVICE/Target/usbd_conf.o
                0x0000000008006f64                USBD_Get_USB_Status
 *(.glue_7)
 .glue_7        0x0000000008006fbc        0x0 linker stubs
 *(.glue_7t)
 .glue_7t       0x0000000008006fbc        0x0 linker stubs
 *(.eh_frame)
 .eh_frame      0x0000000008006fbc        0x0 /usr/lib/gcc/arm-none-eabi/10.3.1/thumb/v7e-m+fp/hard/crtbegin.o
 *(.init)
 .init          0x0000000008006fbc        0x4 /usr/lib/gcc/arm-none-eabi/10.3.1/thumb/v7e-m+fp/hard/crti.o
                0x0000000008006fbc                _init
 .init          0x0000000008006fc0        0x8 /usr/lib/gcc/arm-none-eabi/10.3.1/thumb/v7e-m+fp/hard/crtn.o
 *(.fini)
 .fini          0x0000000008006fc8        0x4 /usr/lib/gcc/arm-none-eabi/10.3.1/thumb/v7e-m+fp/hard/crti.o
                0x0000000008006fc8                _fini
 .fini          0x0000000008006fcc        0x8 /usr/lib/gcc/arm-none-eabi/10.3.1/thumb/v7e-m+fp/hard/crtn.o
                0x0000000008006fd4                . = ALIGN (0x4)
                0x0000000008006fd4                _etext = .

.vfp11_veneer   0x0000000008006fd4        0x0
 .vfp11_veneer  0x0000000008006fd4        0x0 linker stubs

.v4_bx          0x0000000008006fd4        0x0
 .v4_bx         0x0000000008006fd4        0x0 linker stubs

.iplt           0x0000000008006fd4        0x0
 .iplt          0x0000000008006fd4        0x0 /usr/lib/gcc/arm-none-eabi/10.3.1/thumb/v7e-m+fp/hard/crtbegin.o

.rodata         0x0000000008006fd4       0x70
                0x0000000008006fd4                . = ALIGN (0x4)
 *(.rodata)
 .rodata        0x0000000008006fd4       0x18 ./Core/Src/main.o
 .rodata        0x0000000008006fec       0x46 ./USB_DEVICE/App/usbd_desc.o
 *(.rodata*)
 *fill*         0x0000000008007032        0x2 
 .rodata.AHBPrescTable
                0x0000000008007034       0x10 ./Core/Src/system_stm32f4xx.o
                0x0000000008007034                AHBPrescTable
                0x0000000008007044                . = ALIGN (0x4)

.ARM.extab      0x0000000008007044        0x0
                0x0000000008007044                . = ALIGN (0x4)
 *(.ARM.extab* .gnu.linkonce.armextab.*)
                0x0000000008007044                . = ALIGN (0x4)

.ARM            0x0000000008007044        0x8
                0x0000000008007044                . = ALIGN (0x4)
                0x0000000008007044                __exidx_start = .
 *(.ARM.exidx*)
 .ARM.exidx     0x0000000008007044        0x8 /usr/lib/gcc/arm-none-eabi/10.3.1/thumb/v7e-m+fp/hard/libgcc.a(_udivmoddi4.o)
                0x000000000800704c                __exidx_end = .
                0x000000000800704c                . = ALIGN (0x4)

.rel.dyn        0x000000000800704c        0x0
 .rel.iplt      0x000000000800704c        0x0 /usr/lib/gcc/arm-none-eabi/10.3.1/thumb/v7e-m+fp/hard/crtbegin.o

.preinit_array  0x000000000800704c        0x0
                0x000000000800704c                . = ALIGN (0x4)
                0x000000000800704c                PROVIDE (__preinit_array_start = .)
 *(.preinit_array*)
                0x000000000800704c                PROVIDE (__preinit_array_end = .)
                0x000000000800704c                . = ALIGN (0x4)

.init_array     0x000000000800704c        0x4
                0x000000000800704c                . = ALIGN (0x4)
                0x000000000800704c                PROVIDE (__init_array_start = .)
 *(SORT_BY_NAME(.init_array.*))
 *(.init_array*)
 .init_array    0x000000000800704c        0x4 /usr/lib/gcc/arm-none-eabi/10.3.1/thumb/v7e-m+fp/hard/crtbegin.o
                0x0000000008007050                PROVIDE (__init_array_end = .)
                0x0000000008007050                . = ALIGN (0x4)

.fini_array     0x0000000008007050        0x4
                0x0000000008007050                . = ALIGN (0x4)
                0x0000000008007050                PROVIDE (__fini_array_start = .)
 *(SORT_BY_NAME(.fini_array.*))
 *(.fini_array*)
 .fini_array    0x0000000008007050        0x4 /usr/lib/gcc/arm-none-eabi/10.3.1/thumb/v7e-m+fp/hard/crtbegin.o
                0x0000000008007054                PROVIDE (__fini_array_end = .)
                0x0000000008007054                . = ALIGN (0x4)
                0x0000000008007054                _sidata = LOADADDR (.data)

.data           0x0000000020000000      0x180 load address 0x0000000008007054
                0x0000000020000000                . = ALIGN (0x4)
                0x0000000020000000                _sdata = .
 *(.data)
 *(.data*)
 .data.SystemCoreClock
                0x0000000020000000        0x4 ./Core/Src/system_stm32f4xx.o
                0x0000000020000000                SystemCoreClock
 .data.uwTickPrio
                0x0000000020000004        0x4 ./Drivers/STM32F4xx_HAL_Driver/Src/stm32f4xx_hal.o
                0x0000000020000004                uwTickPrio
 .data.uwTickFreq
                0x0000000020000008        0x1 ./Drivers/STM32F4xx_HAL_Driver/Src/stm32f4xx_hal.o
                0x0000000020000008                uwTickFreq
 *fill*         0x0000000020000009        0x3 
 .data.USBD_CDC_DeviceQualifierDesc
                0x000000002000000c        0xa ./Middlewares/ST/STM32_USB_Device_Library/Class/CDC/Src/usbd_cdc.o
 *fill*         0x0000000020000016        0x2 
 .data.USBD_CDC
                0x0000000020000018       0x38 ./Middlewares/ST/STM32_USB_Device_Library/Class/CDC/Src/usbd_cdc.o
                0x0000000020000018                USBD_CDC
 .data.USBD_CDC_CfgHSDesc
                0x0000000020000050       0x43 ./Middlewares/ST/STM32_USB_Device_Library/Class/CDC/Src/usbd_cdc.o
 *fill*         0x0000000020000093        0x1 
 .data.USBD_CDC_CfgFSDesc
                0x0000000020000094       0x43 ./Middlewares/ST/STM32_USB_Device_Library/Class/CDC/Src/usbd_cdc.o
 *fill*         0x00000000200000d7        0x1 
 .data.USBD_CDC_OtherSpeedCfgDesc
                0x00000000200000d8       0x43 ./Middlewares/ST/STM32_USB_Device_Library/Class/CDC/Src/usbd_cdc.o
 *fill*         0x000000002000011b        0x1 
 .data.USBD_Interface_fops_FS
                0x000000002000011c       0x14 ./USB_DEVICE/App/usbd_cdc_if.o
                0x000000002000011c                USBD_Interface_fops_FS
 .data.FS_Desc  0x0000000020000130       0x1c ./USB_DEVICE/App/usbd_desc.o
                0x0000000020000130                FS_Desc
 .data.USBD_FS_DeviceDesc
                0x000000002000014c       0x12 ./USB_DEVICE/App/usbd_desc.o
                0x000000002000014c                USBD_FS_DeviceDesc
 *fill*         0x000000002000015e        0x2 
 .data.USBD_LangIDDesc
                0x0000000020000160        0x4 ./USB_DEVICE/App/usbd_desc.o
                0x0000000020000160                USBD_LangIDDesc
 .data.USBD_StringSerial
                0x0000000020000164       0x1a ./USB_DEVICE/App/usbd_desc.o
                0x0000000020000164                USBD_StringSerial
 *(.RamFunc)
 *(.RamFunc*)
                0x0000000020000180                . = ALIGN (0x4)
 *fill*         0x000000002000017e        0x2 
                0x0000000020000180                _edata = .

.tm_clone_table
                0x0000000020000180        0x0 load address 0x00000000080071d4
 .tm_clone_table
                0x0000000020000180        0x0 /usr/lib/gcc/arm-none-eabi/10.3.1/thumb/v7e-m+fp/hard/crtbegin.o
 .tm_clone_table
                0x0000000020000180        0x0 /usr/lib/gcc/arm-none-eabi/10.3.1/thumb/v7e-m+fp/hard/crtend.o

.igot.plt       0x0000000020000180        0x0 load address 0x00000000080071d4
 .igot.plt      0x0000000020000180        0x0 /usr/lib/gcc/arm-none-eabi/10.3.1/thumb/v7e-m+fp/hard/crtbegin.o
                0x0000000020000180                . = ALIGN (0x4)

.bss            0x0000000020000180     0x1338 load address 0x00000000080071d4
                0x0000000020000180                _sbss = .
                0x0000000020000180                __bss_start__ = _sbss
 *(.bss)
 .bss           0x0000000020000180       0x1c /usr/lib/gcc/arm-none-eabi/10.3.1/thumb/v7e-m+fp/hard/crtbegin.o
 *(.bss*)
 .bss.htim4     0x000000002000019c       0x48 ./Core/Src/main.o
                0x000000002000019c                htim4
 .bss.mscount   0x00000000200001e4        0x4 ./Core/Src/main.o
                0x00000000200001e4                mscount
 .bss.uwTick    0x00000000200001e8        0x4 ./Drivers/STM32F4xx_HAL_Driver/Src/stm32f4xx_hal.o
                0x00000000200001e8                uwTick
 .bss.cfgidx.0  0x00000000200001ec        0x1 ./Middlewares/ST/STM32_USB_Device_Library/Core/Src/usbd_ctlreq.o
 *fill*         0x00000000200001ed        0x3 
 .bss.hUsbDeviceFS
                0x00000000200001f0      0x2d0 ./USB_DEVICE/App/usb_device.o
                0x00000000200001f0                hUsbDeviceFS
 .bss.UserRxBufferFS
                0x00000000200004c0      0x3e8 ./USB_DEVICE/App/usbd_cdc_if.o
                0x00000000200004c0                UserRxBufferFS
 .bss.UserTxBufferFS
                0x00000000200008a8      0x3e8 ./USB_DEVICE/App/usbd_cdc_if.o
                0x00000000200008a8                UserTxBufferFS
 .bss.USBD_StrDesc
                0x0000000020000c90      0x200 ./USB_DEVICE/App/usbd_desc.o
                0x0000000020000c90                USBD_StrDesc
 .bss.hpcd_USB_OTG_FS
                0x0000000020000e90      0x408 ./USB_DEVICE/Target/usbd_conf.o
                0x0000000020000e90                hpcd_USB_OTG_FS
 .bss.mem.0     0x0000000020001298      0x220 ./USB_DEVICE/Target/usbd_conf.o
 *(COMMON)
                0x00000000200014b8                . = ALIGN (0x4)
                0x00000000200014b8                _ebss = .
                0x00000000200014b8                __bss_end__ = _ebss

._user_heap_stack
                0x00000000200014b8      0x600 load address 0x00000000080071d4
                0x00000000200014b8                . = ALIGN (0x8)
                [!provide]                        PROVIDE (end = .)
                0x00000000200014b8                PROVIDE (_end = .)
                0x00000000200016b8                . = (. + _Min_Heap_Size)
 *fill*         0x00000000200014b8      0x200 
                0x0000000020001ab8                . = (. + _Min_Stack_Size)
 *fill*         0x00000000200016b8      0x400 
                0x0000000020001ab8                . = ALIGN (0x8)

/DISCARD/
 libc.a(*)
 libm.a(*)
 libgcc.a(*)

.ARM.attributes
                0x0000000000000000       0x30
 *(.ARM.attributes)
 .ARM.attributes
                0x0000000000000000       0x1e /usr/lib/gcc/arm-none-eabi/10.3.1/thumb/v7e-m+fp/hard/crti.o
 .ARM.attributes
                0x000000000000001e       0x34 /usr/lib/gcc/arm-none-eabi/10.3.1/thumb/v7e-m+fp/hard/crtbegin.o
 .ARM.attributes
                0x0000000000000052       0x34 ./Core/Src/main.o
 .ARM.attributes
                0x0000000000000086       0x34 ./Core/Src/stm32f4xx_hal_msp.o
 .ARM.attributes
                0x00000000000000ba       0x34 ./Core/Src/stm32f4xx_it.o
 .ARM.attributes
                0x00000000000000ee       0x34 ./Core/Src/system_stm32f4xx.o
 .ARM.attributes
                0x0000000000000122       0x21 ./Core/Startup/startup_stm32f401ccux.o
 .ARM.attributes
                0x0000000000000143       0x34 ./Drivers/STM32F4xx_HAL_Driver/Src/stm32f4xx_hal.o
 .ARM.attributes
                0x0000000000000177       0x34 ./Drivers/STM32F4xx_HAL_Driver/Src/stm32f4xx_hal_cortex.o
 .ARM.attributes
                0x00000000000001ab       0x34 ./Drivers/STM32F4xx_HAL_Driver/Src/stm32f4xx_hal_gpio.o
 .ARM.attributes
                0x00000000000001df       0x34 ./Drivers/STM32F4xx_HAL_Driver/Src/stm32f4xx_hal_pcd.o
 .ARM.attributes
                0x0000000000000213       0x34 ./Drivers/STM32F4xx_HAL_Driver/Src/stm32f4xx_hal_pcd_ex.o
 .ARM.attributes
                0x0000000000000247       0x34 ./Drivers/STM32F4xx_HAL_Driver/Src/stm32f4xx_hal_rcc.o
 .ARM.attributes
                0x000000000000027b       0x34 ./Drivers/STM32F4xx_HAL_Driver/Src/stm32f4xx_hal_tim.o
 .ARM.attributes
                0x00000000000002af       0x34 ./Drivers/STM32F4xx_HAL_Driver/Src/stm32f4xx_hal_tim_ex.o
 .ARM.attributes
                0x00000000000002e3       0x34 ./Drivers/STM32F4xx_HAL_Driver/Src/stm32f4xx_ll_usb.o
 .ARM.attributes
                0x0000000000000317       0x34 ./Middlewares/ST/STM32_USB_Device_Library/Class/CDC/Src/usbd_cdc.o
 .ARM.attributes
                0x000000000000034b       0x34 ./Middlewares/ST/STM32_USB_Device_Library/Core/Src/usbd_core.o
 .ARM.attributes
                0x000000000000037f       0x34 ./Middlewares/ST/STM32_USB_Device_Library/Core/Src/usbd_ctlreq.o
 .ARM.attributes
                0x00000000000003b3       0x34 ./Middlewares/ST/STM32_USB_Device_Library/Core/Src/usbd_ioreq.o
 .ARM.attributes
                0x00000000000003e7       0x34 ./USB_DEVICE/App/usb_device.o
 .ARM.attributes
                0x000000000000041b       0x34 ./USB_DEVICE/App/usbd_cdc_if.o
 .ARM.attributes
                0x000000000000044f       0x34 ./USB_DEVICE/App/usbd_desc.o
 .ARM.attributes
                0x0000000000000483       0x34 ./USB_DEVICE/Target/usbd_conf.o
 .ARM.attributes
                0x00000000000004b7       0x34 /usr/lib/gcc/arm-none-eabi/10.3.1/../../../arm-none-eabi/lib/thumb/v7e-m+fp/hard/libc_nano.a(lib_a-init.o)
 .ARM.attributes
                0x00000000000004eb       0x34 /usr/lib/gcc/arm-none-eabi/10.3.1/../../../arm-none-eabi/lib/thumb/v7e-m+fp/hard/libc_nano.a(lib_a-memset.o)
 .ARM.attributes
                0x000000000000051f       0x1e /usr/lib/gcc/arm-none-eabi/10.3.1/thumb/v7e-m+fp/hard/libgcc.a(_aeabi_uldivmod.o)
 .ARM.attributes
                0x000000000000053d       0x34 /usr/lib/gcc/arm-none-eabi/10.3.1/thumb/v7e-m+fp/hard/libgcc.a(_udivmoddi4.o)
 .ARM.attributes
                0x0000000000000571       0x1e /usr/lib/gcc/arm-none-eabi/10.3.1/thumb/v7e-m+fp/hard/libgcc.a(_dvmd_tls.o)
 .ARM.attributes
                0x000000000000058f       0x32 /usr/lib/gcc/arm-none-eabi/10.3.1/thumb/v7e-m+fp/hard/crtend.o
 .ARM.attributes
                0x00000000000005c1       0x1e /usr/lib/gcc/arm-none-eabi/10.3.1/thumb/v7e-m+fp/hard/crtn.o
OUTPUT(black_pill_cpp.elf elf32-littlearm)
LOAD linker stubs
LOAD /usr/lib/gcc/arm-none-eabi/10.3.1/../../../arm-none-eabi/lib/thumb/v7e-m+fp/hard/libc.a
LOAD /usr/lib/gcc/arm-none-eabi/10.3.1/../../../arm-none-eabi/lib/thumb/v7e-m+fp/hard/libm.a
LOAD /usr/lib/gcc/arm-none-eabi/10.3.1/thumb/v7e-m+fp/hard/libgcc.a

.comment        0x0000000000000000       0x33
 .comment       0x0000000000000000       0x33 /usr/lib/gcc/arm-none-eabi/10.3.1/thumb/v7e-m+fp/hard/crtbegin.o
                                         0x34 (size before relaxing)
 .comment       0x0000000000000033       0x34 ./Core/Src/main.o
 .comment       0x0000000000000033       0x34 ./Core/Src/stm32f4xx_hal_msp.o
 .comment       0x0000000000000033       0x34 ./Core/Src/stm32f4xx_it.o
 .comment       0x0000000000000033       0x34 ./Core/Src/system_stm32f4xx.o
 .comment       0x0000000000000033       0x34 ./Drivers/STM32F4xx_HAL_Driver/Src/stm32f4xx_hal.o
 .comment       0x0000000000000033       0x34 ./Drivers/STM32F4xx_HAL_Driver/Src/stm32f4xx_hal_cortex.o
 .comment       0x0000000000000033       0x34 ./Drivers/STM32F4xx_HAL_Driver/Src/stm32f4xx_hal_gpio.o
 .comment       0x0000000000000033       0x34 ./Drivers/STM32F4xx_HAL_Driver/Src/stm32f4xx_hal_pcd.o
 .comment       0x0000000000000033       0x34 ./Drivers/STM32F4xx_HAL_Driver/Src/stm32f4xx_hal_pcd_ex.o
 .comment       0x0000000000000033       0x34 ./Drivers/STM32F4xx_HAL_Driver/Src/stm32f4xx_hal_rcc.o
 .comment       0x0000000000000033       0x34 ./Drivers/STM32F4xx_HAL_Driver/Src/stm32f4xx_hal_tim.o
 .comment       0x0000000000000033       0x34 ./Drivers/STM32F4xx_HAL_Driver/Src/stm32f4xx_hal_tim_ex.o
 .comment       0x0000000000000033       0x34 ./Drivers/STM32F4xx_HAL_Driver/Src/stm32f4xx_ll_usb.o
 .comment       0x0000000000000033       0x34 ./Middlewares/ST/STM32_USB_Device_Library/Class/CDC/Src/usbd_cdc.o
 .comment       0x0000000000000033       0x34 ./Middlewares/ST/STM32_USB_Device_Library/Core/Src/usbd_core.o
 .comment       0x0000000000000033       0x34 ./Middlewares/ST/STM32_USB_Device_Library/Core/Src/usbd_ctlreq.o
 .comment       0x0000000000000033       0x34 ./Middlewares/ST/STM32_USB_Device_Library/Core/Src/usbd_ioreq.o
 .comment       0x0000000000000033       0x34 ./USB_DEVICE/App/usb_device.o
 .comment       0x0000000000000033       0x34 ./USB_DEVICE/App/usbd_cdc_if.o
 .comment       0x0000000000000033       0x34 ./USB_DEVICE/App/usbd_desc.o
 .comment       0x0000000000000033       0x34 ./USB_DEVICE/Target/usbd_conf.o
 .comment       0x0000000000000033       0x34 /usr/lib/gcc/arm-none-eabi/10.3.1/../../../arm-none-eabi/lib/thumb/v7e-m+fp/hard/libc_nano.a(lib_a-init.o)
 .comment       0x0000000000000033       0x34 /usr/lib/gcc/arm-none-eabi/10.3.1/../../../arm-none-eabi/lib/thumb/v7e-m+fp/hard/libc_nano.a(lib_a-memset.o)
 .comment       0x0000000000000033       0x34 /usr/lib/gcc/arm-none-eabi/10.3.1/thumb/v7e-m+fp/hard/libgcc.a(_udivmoddi4.o)
 .comment       0x0000000000000033       0x34 /usr/lib/gcc/arm-none-eabi/10.3.1/thumb/v7e-m+fp/hard/crtend.o

.debug_info     0x0000000000000000    0x14c5f
 .debug_info    0x0000000000000000     0x374e ./Core/Src/main.o
 .debug_info    0x000000000000374e      0xa7b ./Core/Src/stm32f4xx_hal_msp.o
 .debug_info    0x00000000000041c9      0xb91 ./Core/Src/stm32f4xx_it.o
 .debug_info    0x0000000000004d5a      0x537 ./Core/Src/system_stm32f4xx.o
 .debug_info    0x0000000000005291       0x22 ./Core/Startup/startup_stm32f401ccux.o
 .debug_info    0x00000000000052b3      0x8a8 ./Drivers/STM32F4xx_HAL_Driver/Src/stm32f4xx_hal.o
 .debug_info    0x0000000000005b5b      0xd61 ./Drivers/STM32F4xx_HAL_Driver/Src/stm32f4xx_hal_cortex.o
 .debug_info    0x00000000000068bc      0x76a ./Drivers/STM32F4xx_HAL_Driver/Src/stm32f4xx_hal_gpio.o
 .debug_info    0x0000000000007026     0x11dd ./Drivers/STM32F4xx_HAL_Driver/Src/stm32f4xx_hal_pcd.o
 .debug_info    0x0000000000008203      0x6cb ./Drivers/STM32F4xx_HAL_Driver/Src/stm32f4xx_hal_pcd_ex.o
 .debug_info    0x00000000000088ce      0x918 ./Drivers/STM32F4xx_HAL_Driver/Src/stm32f4xx_hal_rcc.o
 .debug_info    0x00000000000091e6     0x2b16 ./Drivers/STM32F4xx_HAL_Driver/Src/stm32f4xx_hal_tim.o
 .debug_info    0x000000000000bcfc     0x1496 ./Drivers/STM32F4xx_HAL_Driver/Src/stm32f4xx_hal_tim_ex.o
 .debug_info    0x000000000000d192     0x19bc ./Drivers/STM32F4xx_HAL_Driver/Src/stm32f4xx_ll_usb.o
 .debug_info    0x000000000000eb4e     0x1012 ./Middlewares/ST/STM32_USB_Device_Library/Class/CDC/Src/usbd_cdc.o
 .debug_info    0x000000000000fb60      0xa2e ./Middlewares/ST/STM32_USB_Device_Library/Core/Src/usbd_core.o
 .debug_info    0x000000000001058e      0x9fa ./Middlewares/ST/STM32_USB_Device_Library/Core/Src/usbd_ctlreq.o
 .debug_info    0x0000000000010f88      0x71c ./Middlewares/ST/STM32_USB_Device_Library/Core/Src/usbd_ioreq.o
 .debug_info    0x00000000000116a4      0x655 ./USB_DEVICE/App/usb_device.o
 .debug_info    0x0000000000011cf9      0x8aa ./USB_DEVICE/App/usbd_cdc_if.o
 .debug_info    0x00000000000125a3      0x47a ./USB_DEVICE/App/usbd_desc.o
 .debug_info    0x0000000000012a1d     0x188e ./USB_DEVICE/Target/usbd_conf.o
 .debug_info    0x00000000000142ab      0x11a /usr/lib/gcc/arm-none-eabi/10.3.1/../../../arm-none-eabi/lib/thumb/v7e-m+fp/hard/libc_nano.a(lib_a-init.o)
 .debug_info    0x00000000000143c5      0x137 /usr/lib/gcc/arm-none-eabi/10.3.1/../../../arm-none-eabi/lib/thumb/v7e-m+fp/hard/libc_nano.a(lib_a-memset.o)
 .debug_info    0x00000000000144fc       0x26 /usr/lib/gcc/arm-none-eabi/10.3.1/thumb/v7e-m+fp/hard/libgcc.a(_aeabi_uldivmod.o)
 .debug_info    0x0000000000014522      0x717 /usr/lib/gcc/arm-none-eabi/10.3.1/thumb/v7e-m+fp/hard/libgcc.a(_udivmoddi4.o)
 .debug_info    0x0000000000014c39       0x26 /usr/lib/gcc/arm-none-eabi/10.3.1/thumb/v7e-m+fp/hard/libgcc.a(_dvmd_tls.o)

.debug_abbrev   0x0000000000000000     0x3383
 .debug_abbrev  0x0000000000000000      0x699 ./Core/Src/main.o
 .debug_abbrev  0x0000000000000699      0x19b ./Core/Src/stm32f4xx_hal_msp.o
 .debug_abbrev  0x0000000000000834      0x1ad ./Core/Src/stm32f4xx_it.o
 .debug_abbrev  0x00000000000009e1      0x116 ./Core/Src/system_stm32f4xx.o
 .debug_abbrev  0x0000000000000af7       0x12 ./Core/Startup/startup_stm32f401ccux.o
 .debug_abbrev  0x0000000000000b09      0x20b ./Drivers/STM32F4xx_HAL_Driver/Src/stm32f4xx_hal.o
 .debug_abbrev  0x0000000000000d14      0x316 ./Drivers/STM32F4xx_HAL_Driver/Src/stm32f4xx_hal_cortex.o
 .debug_abbrev  0x000000000000102a      0x1c4 ./Drivers/STM32F4xx_HAL_Driver/Src/stm32f4xx_hal_gpio.o
 .debug_abbrev  0x00000000000011ee      0x273 ./Drivers/STM32F4xx_HAL_Driver/Src/stm32f4xx_hal_pcd.o
 .debug_abbrev  0x0000000000001461      0x1ce ./Drivers/STM32F4xx_HAL_Driver/Src/stm32f4xx_hal_pcd_ex.o
 .debug_abbrev  0x000000000000162f      0x262 ./Drivers/STM32F4xx_HAL_Driver/Src/stm32f4xx_hal_rcc.o
 .debug_abbrev  0x0000000000001891      0x242 ./Drivers/STM32F4xx_HAL_Driver/Src/stm32f4xx_hal_tim.o
 .debug_abbrev  0x0000000000001ad3      0x24a ./Drivers/STM32F4xx_HAL_Driver/Src/stm32f4xx_hal_tim_ex.o
 .debug_abbrev  0x0000000000001d1d      0x27a ./Drivers/STM32F4xx_HAL_Driver/Src/stm32f4xx_ll_usb.o
 .debug_abbrev  0x0000000000001f97      0x289 ./Middlewares/ST/STM32_USB_Device_Library/Class/CDC/Src/usbd_cdc.o
 .debug_abbrev  0x0000000000002220      0x211 ./Middlewares/ST/STM32_USB_Device_Library/Core/Src/usbd_core.o
 .debug_abbrev  0x0000000000002431      0x256 ./Middlewares/ST/STM32_USB_Device_Library/Core/Src/usbd_ctlreq.o
 .debug_abbrev  0x0000000000002687      0x184 ./Middlewares/ST/STM32_USB_Device_Library/Core/Src/usbd_ioreq.o
 .debug_abbrev  0x000000000000280b      0x171 ./USB_DEVICE/App/usb_device.o
 .debug_abbrev  0x000000000000297c      0x28a ./USB_DEVICE/App/usbd_cdc_if.o
 .debug_abbrev  0x0000000000002c06      0x1c5 ./USB_DEVICE/App/usbd_desc.o
 .debug_abbrev  0x0000000000002dcb      0x2ad ./USB_DEVICE/Target/usbd_conf.o
 .debug_abbrev  0x0000000000003078       0xcc /usr/lib/gcc/arm-none-eabi/10.3.1/../../../arm-none-eabi/lib/thumb/v7e-m+fp/hard/libc_nano.a(lib_a-init.o)
 .debug_abbrev  0x0000000000003144       0xb4 /usr/lib/gcc/arm-none-eabi/10.3.1/../../../arm-none-eabi/lib/thumb/v7e-m+fp/hard/libc_nano.a(lib_a-memset.o)
 .debug_abbrev  0x00000000000031f8       0x14 /usr/lib/gcc/arm-none-eabi/10.3.1/thumb/v7e-m+fp/hard/libgcc.a(_aeabi_uldivmod.o)
 .debug_abbrev  0x000000000000320c      0x163 /usr/lib/gcc/arm-none-eabi/10.3.1/thumb/v7e-m+fp/hard/libgcc.a(_udivmoddi4.o)
 .debug_abbrev  0x000000000000336f       0x14 /usr/lib/gcc/arm-none-eabi/10.3.1/thumb/v7e-m+fp/hard/libgcc.a(_dvmd_tls.o)

.debug_aranges  0x0000000000000000     0x1108
 .debug_aranges
                0x0000000000000000       0x50 ./Core/Src/main.o
 .debug_aranges
                0x0000000000000050       0x30 ./Core/Src/stm32f4xx_hal_msp.o
 .debug_aranges
                0x0000000000000080       0x70 ./Core/Src/stm32f4xx_it.o
 .debug_aranges
                0x00000000000000f0       0x28 ./Core/Src/system_stm32f4xx.o
 .debug_aranges
                0x0000000000000118       0x28 ./Core/Startup/startup_stm32f401ccux.o
 .debug_aranges
                0x0000000000000140       0xf0 ./Drivers/STM32F4xx_HAL_Driver/Src/stm32f4xx_hal.o
 .debug_aranges
                0x0000000000000230      0x118 ./Drivers/STM32F4xx_HAL_Driver/Src/stm32f4xx_hal_cortex.o
 .debug_aranges
                0x0000000000000348       0x58 ./Drivers/STM32F4xx_HAL_Driver/Src/stm32f4xx_hal_gpio.o
 .debug_aranges
                0x00000000000003a0      0x138 ./Drivers/STM32F4xx_HAL_Driver/Src/stm32f4xx_hal_pcd.o
 .debug_aranges
                0x00000000000004d8       0x38 ./Drivers/STM32F4xx_HAL_Driver/Src/stm32f4xx_hal_pcd_ex.o
 .debug_aranges
                0x0000000000000510       0x88 ./Drivers/STM32F4xx_HAL_Driver/Src/stm32f4xx_hal_rcc.o
 .debug_aranges
                0x0000000000000598      0x3d0 ./Drivers/STM32F4xx_HAL_Driver/Src/stm32f4xx_hal_tim.o
 .debug_aranges
                0x0000000000000968      0x168 ./Drivers/STM32F4xx_HAL_Driver/Src/stm32f4xx_hal_tim_ex.o
 .debug_aranges
                0x0000000000000ad0      0x198 ./Drivers/STM32F4xx_HAL_Driver/Src/stm32f4xx_ll_usb.o
 .debug_aranges
                0x0000000000000c68       0x90 ./Middlewares/ST/STM32_USB_Device_Library/Class/CDC/Src/usbd_cdc.o
 .debug_aranges
                0x0000000000000cf8       0xb8 ./Middlewares/ST/STM32_USB_Device_Library/Core/Src/usbd_core.o
 .debug_aranges
                0x0000000000000db0       0x90 ./Middlewares/ST/STM32_USB_Device_Library/Core/Src/usbd_ctlreq.o
 .debug_aranges
                0x0000000000000e40       0x50 ./Middlewares/ST/STM32_USB_Device_Library/Core/Src/usbd_ioreq.o
 .debug_aranges
                0x0000000000000e90       0x20 ./USB_DEVICE/App/usb_device.o
 .debug_aranges
                0x0000000000000eb0       0x48 ./USB_DEVICE/App/usbd_cdc_if.o
 .debug_aranges
                0x0000000000000ef8       0x60 ./USB_DEVICE/App/usbd_desc.o
 .debug_aranges
                0x0000000000000f58      0x110 ./USB_DEVICE/Target/usbd_conf.o
 .debug_aranges
                0x0000000000001068       0x20 /usr/lib/gcc/arm-none-eabi/10.3.1/../../../arm-none-eabi/lib/thumb/v7e-m+fp/hard/libc_nano.a(lib_a-init.o)
 .debug_aranges
                0x0000000000001088       0x20 /usr/lib/gcc/arm-none-eabi/10.3.1/../../../arm-none-eabi/lib/thumb/v7e-m+fp/hard/libc_nano.a(lib_a-memset.o)
 .debug_aranges
                0x00000000000010a8       0x20 /usr/lib/gcc/arm-none-eabi/10.3.1/thumb/v7e-m+fp/hard/libgcc.a(_aeabi_uldivmod.o)
 .debug_aranges
                0x00000000000010c8       0x20 /usr/lib/gcc/arm-none-eabi/10.3.1/thumb/v7e-m+fp/hard/libgcc.a(_udivmoddi4.o)
 .debug_aranges
                0x00000000000010e8       0x20 /usr/lib/gcc/arm-none-eabi/10.3.1/thumb/v7e-m+fp/hard/libgcc.a(_dvmd_tls.o)

.debug_ranges   0x0000000000000000      0xff8
 .debug_ranges  0x0000000000000000       0x40 ./Core/Src/main.o
 .debug_ranges  0x0000000000000040       0x20 ./Core/Src/stm32f4xx_hal_msp.o
 .debug_ranges  0x0000000000000060       0x60 ./Core/Src/stm32f4xx_it.o
 .debug_ranges  0x00000000000000c0       0x18 ./Core/Src/system_stm32f4xx.o
 .debug_ranges  0x00000000000000d8       0x20 ./Core/Startup/startup_stm32f401ccux.o
 .debug_ranges  0x00000000000000f8       0xe0 ./Drivers/STM32F4xx_HAL_Driver/Src/stm32f4xx_hal.o
 .debug_ranges  0x00000000000001d8      0x108 ./Drivers/STM32F4xx_HAL_Driver/Src/stm32f4xx_hal_cortex.o
 .debug_ranges  0x00000000000002e0       0x48 ./Drivers/STM32F4xx_HAL_Driver/Src/stm32f4xx_hal_gpio.o
 .debug_ranges  0x0000000000000328      0x128 ./Drivers/STM32F4xx_HAL_Driver/Src/stm32f4xx_hal_pcd.o
 .debug_ranges  0x0000000000000450       0x28 ./Drivers/STM32F4xx_HAL_Driver/Src/stm32f4xx_hal_pcd_ex.o
 .debug_ranges  0x0000000000000478       0x78 ./Drivers/STM32F4xx_HAL_Driver/Src/stm32f4xx_hal_rcc.o
 .debug_ranges  0x00000000000004f0      0x3c0 ./Drivers/STM32F4xx_HAL_Driver/Src/stm32f4xx_hal_tim.o
 .debug_ranges  0x00000000000008b0      0x158 ./Drivers/STM32F4xx_HAL_Driver/Src/stm32f4xx_hal_tim_ex.o
 .debug_ranges  0x0000000000000a08      0x188 ./Drivers/STM32F4xx_HAL_Driver/Src/stm32f4xx_ll_usb.o
 .debug_ranges  0x0000000000000b90       0x80 ./Middlewares/ST/STM32_USB_Device_Library/Class/CDC/Src/usbd_cdc.o
 .debug_ranges  0x0000000000000c10       0xa8 ./Middlewares/ST/STM32_USB_Device_Library/Core/Src/usbd_core.o
 .debug_ranges  0x0000000000000cb8       0x80 ./Middlewares/ST/STM32_USB_Device_Library/Core/Src/usbd_ctlreq.o
 .debug_ranges  0x0000000000000d38       0x40 ./Middlewares/ST/STM32_USB_Device_Library/Core/Src/usbd_ioreq.o
 .debug_ranges  0x0000000000000d78       0x10 ./USB_DEVICE/App/usb_device.o
 .debug_ranges  0x0000000000000d88       0x38 ./USB_DEVICE/App/usbd_cdc_if.o
 .debug_ranges  0x0000000000000dc0       0x50 ./USB_DEVICE/App/usbd_desc.o
 .debug_ranges  0x0000000000000e10      0x100 ./USB_DEVICE/Target/usbd_conf.o
 .debug_ranges  0x0000000000000f10       0xe8 /usr/lib/gcc/arm-none-eabi/10.3.1/thumb/v7e-m+fp/hard/libgcc.a(_udivmoddi4.o)

.debug_macro    0x0000000000000000    0x1b98b
 .debug_macro   0x0000000000000000      0x714 ./Core/Src/main.o
 .debug_macro   0x0000000000000714      0xb50 ./Core/Src/main.o
 .debug_macro   0x0000000000001264      0x29b ./Core/Src/main.o
 .debug_macro   0x00000000000014ff       0x2e ./Core/Src/main.o
 .debug_macro   0x000000000000152d       0x28 ./Core/Src/main.o
 .debug_macro   0x0000000000001555      0x34e ./Core/Src/main.o
 .debug_macro   0x00000000000018a3       0x1c ./Core/Src/main.o
 .debug_macro   0x00000000000018bf       0x22 ./Core/Src/main.o
 .debug_macro   0x00000000000018e1       0xd9 ./Core/Src/main.o
 .debug_macro   0x00000000000019ba     0x102d ./Core/Src/main.o
 .debug_macro   0x00000000000029e7      0x11f ./Core/Src/main.o
 .debug_macro   0x0000000000002b06     0xb86c ./Core/Src/main.o
 .debug_macro   0x000000000000e372       0x6d ./Core/Src/main.o
 .debug_macro   0x000000000000e3df     0x3666 ./Core/Src/main.o
 .debug_macro   0x0000000000011a45      0x17b ./Core/Src/main.o
 .debug_macro   0x0000000000011bc0       0x5c ./Core/Src/main.o
 .debug_macro   0x0000000000011c1c      0x416 ./Core/Src/main.o
 .debug_macro   0x0000000000012032      0x9fe ./Core/Src/main.o
 .debug_macro   0x0000000000012a30      0x116 ./Core/Src/main.o
 .debug_macro   0x0000000000012b46       0xf8 ./Core/Src/main.o
 .debug_macro   0x0000000000012c3e       0xa5 ./Core/Src/main.o
 .debug_macro   0x0000000000012ce3      0x15f ./Core/Src/main.o
 .debug_macro   0x0000000000012e42      0x287 ./Core/Src/main.o
 .debug_macro   0x00000000000130c9       0x5f ./Core/Src/main.o
 .debug_macro   0x0000000000013128      0x236 ./Core/Src/main.o
 .debug_macro   0x000000000001335e      0x132 ./Core/Src/main.o
 .debug_macro   0x0000000000013490      0x23a ./Core/Src/main.o
 .debug_macro   0x00000000000136ca       0x2e ./Core/Src/main.o
 .debug_macro   0x00000000000136f8      0x11a ./Core/Src/main.o
 .debug_macro   0x0000000000013812       0x85 ./Core/Src/main.o
 .debug_macro   0x0000000000013897       0x89 ./Core/Src/main.o
 .debug_macro   0x0000000000013920      0x8d1 ./Core/Src/main.o
 .debug_macro   0x00000000000141f1       0x47 ./Core/Src/main.o
 .debug_macro   0x0000000000014238      0x21e ./Core/Src/main.o
 .debug_macro   0x0000000000014456       0xba ./Core/Src/main.o
 .debug_macro   0x0000000000014510      0x126 ./Core/Src/main.o
 .debug_macro   0x0000000000014636       0x1c ./Core/Src/main.o
 .debug_macro   0x0000000000014652       0x22 ./Core/Src/main.o
 .debug_macro   0x0000000000014674       0x46 ./Core/Src/main.o
 .debug_macro   0x00000000000146ba       0x18 ./Core/Src/main.o
 .debug_macro   0x00000000000146d2       0x94 ./Core/Src/main.o
 .debug_macro   0x0000000000014766       0x3c ./Core/Src/main.o
 .debug_macro   0x00000000000147a2       0x34 ./Core/Src/main.o
 .debug_macro   0x00000000000147d6       0x16 ./Core/Src/main.o
 .debug_macro   0x00000000000147ec       0x57 ./Core/Src/main.o
 .debug_macro   0x0000000000014843       0x35 ./Core/Src/main.o
 .debug_macro   0x0000000000014878      0x356 ./Core/Src/main.o
 .debug_macro   0x0000000000014bce       0x10 ./Core/Src/main.o
 .debug_macro   0x0000000000014bde       0x16 ./Core/Src/main.o
 .debug_macro   0x0000000000014bf4       0x43 ./Core/Src/main.o
 .debug_macro   0x0000000000014c37       0x34 ./Core/Src/main.o
 .debug_macro   0x0000000000014c6b       0x10 ./Core/Src/main.o
 .debug_macro   0x0000000000014c7b       0x52 ./Core/Src/main.o
 .debug_macro   0x0000000000014ccd       0x71 ./Core/Src/main.o
 .debug_macro   0x0000000000014d3e       0x16 ./Core/Src/main.o
 .debug_macro   0x0000000000014d54      0x12a ./Core/Src/main.o
 .debug_macro   0x0000000000014e7e       0x10 ./Core/Src/main.o
 .debug_macro   0x0000000000014e8e       0x6a ./Core/Src/main.o
 .debug_macro   0x0000000000014ef8       0x1c ./Core/Src/main.o
 .debug_macro   0x0000000000014f14       0x52 ./Core/Src/main.o
 .debug_macro   0x0000000000014f66       0x22 ./Core/Src/main.o
 .debug_macro   0x0000000000014f88       0x10 ./Core/Src/main.o
 .debug_macro   0x0000000000014f98       0x40 ./Core/Src/main.o
 .debug_macro   0x0000000000014fd8       0xd5 ./Core/Src/main.o
 .debug_macro   0x00000000000150ad       0x1c ./Core/Src/main.o
 .debug_macro   0x00000000000150c9       0x3d ./Core/Src/main.o
 .debug_macro   0x0000000000015106       0x16 ./Core/Src/main.o
 .debug_macro   0x000000000001511c      0x137 ./Core/Src/main.o
 .debug_macro   0x0000000000015253      0x18a ./Core/Src/main.o
 .debug_macro   0x00000000000153dd       0x10 ./Core/Src/main.o
 .debug_macro   0x00000000000153ed      0x3d1 ./Core/Src/main.o
 .debug_macro   0x00000000000157be       0x10 ./Core/Src/main.o
 .debug_macro   0x00000000000157ce       0x16 ./Core/Src/main.o
 .debug_macro   0x00000000000157e4       0x16 ./Core/Src/main.o
 .debug_macro   0x00000000000157fa       0x29 ./Core/Src/main.o
 .debug_macro   0x0000000000015823       0x10 ./Core/Src/main.o
 .debug_macro   0x0000000000015833       0x10 ./Core/Src/main.o
 .debug_macro   0x0000000000015843       0xde ./Core/Src/main.o
 .debug_macro   0x0000000000015921       0x16 ./Core/Src/main.o
 .debug_macro   0x0000000000015937       0x65 ./Core/Src/main.o
 .debug_macro   0x000000000001599c      0x1ef ./Core/Src/main.o
 .debug_macro   0x0000000000015b8b       0x95 ./Core/Src/main.o
 .debug_macro   0x0000000000015c20       0x10 ./Core/Src/main.o
 .debug_macro   0x0000000000015c30       0x41 ./Core/Src/main.o
 .debug_macro   0x0000000000015c71       0x18 ./Core/Src/main.o
 .debug_macro   0x0000000000015c89      0x1a2 ./Core/Src/main.o
 .debug_macro   0x0000000000015e2b      0x3cd ./Core/Src/main.o
 .debug_macro   0x00000000000161f8      0x120 ./Core/Src/main.o
 .debug_macro   0x0000000000016318       0x18 ./Core/Src/main.o
 .debug_macro   0x0000000000016330       0x27 ./Core/Src/main.o
 .debug_macro   0x0000000000016357       0x1c ./Core/Src/main.o
 .debug_macro   0x0000000000016373       0x4f ./Core/Src/main.o
 .debug_macro   0x00000000000163c2       0x28 ./Core/Src/main.o
 .debug_macro   0x00000000000163ea       0x2e ./Core/Src/main.o
 .debug_macro   0x0000000000016418       0x19 ./Core/Src/main.o
 .debug_macro   0x0000000000016431       0x88 ./Core/Src/main.o
 .debug_macro   0x00000000000164b9       0x19 ./Core/Src/main.o
 .debug_macro   0x00000000000164d2       0x8e ./Core/Src/main.o
 .debug_macro   0x0000000000016560       0x10 ./Core/Src/main.o
 .debug_macro   0x0000000000016570      0x1ae ./Core/Src/stm32f4xx_hal_msp.o
 .debug_macro   0x000000000001671e      0xa78 ./Core/Src/stm32f4xx_hal_msp.o
 .debug_macro   0x0000000000017196     0x102d ./Core/Src/stm32f4xx_hal_msp.o
 .debug_macro   0x00000000000181c3      0x174 ./Core/Src/stm32f4xx_hal_msp.o
 .debug_macro   0x0000000000018337      0x1b8 ./Core/Src/stm32f4xx_it.o
 .debug_macro   0x00000000000184ef      0x19f ./Core/Src/system_stm32f4xx.o
 .debug_macro   0x000000000001868e      0x1ff ./Drivers/STM32F4xx_HAL_Driver/Src/stm32f4xx_hal.o
 .debug_macro   0x000000000001888d      0x19f ./Drivers/STM32F4xx_HAL_Driver/Src/stm32f4xx_hal_cortex.o
 .debug_macro   0x0000000000018a2c      0x1a5 ./Drivers/STM32F4xx_HAL_Driver/Src/stm32f4xx_hal_gpio.o
 .debug_macro   0x0000000000018bd1      0x1ab ./Drivers/STM32F4xx_HAL_Driver/Src/stm32f4xx_hal_pcd.o
 .debug_macro   0x0000000000018d7c      0x19f ./Drivers/STM32F4xx_HAL_Driver/Src/stm32f4xx_hal_pcd_ex.o
 .debug_macro   0x0000000000018f1b      0x1c3 ./Drivers/STM32F4xx_HAL_Driver/Src/stm32f4xx_hal_rcc.o
 .debug_macro   0x00000000000190de      0x1a0 ./Drivers/STM32F4xx_HAL_Driver/Src/stm32f4xx_hal_tim.o
 .debug_macro   0x000000000001927e      0x19f ./Drivers/STM32F4xx_HAL_Driver/Src/stm32f4xx_hal_tim_ex.o
 .debug_macro   0x000000000001941d      0x19f ./Drivers/STM32F4xx_HAL_Driver/Src/stm32f4xx_ll_usb.o
 .debug_macro   0x00000000000195bc      0x3ef ./Middlewares/ST/STM32_USB_Device_Library/Class/CDC/Src/usbd_cdc.o
 .debug_macro   0x00000000000199ab       0x97 ./Middlewares/ST/STM32_USB_Device_Library/Class/CDC/Src/usbd_cdc.o
 .debug_macro   0x0000000000019a42       0xfd ./Middlewares/ST/STM32_USB_Device_Library/Class/CDC/Src/usbd_cdc.o
 .debug_macro   0x0000000000019b3f       0x56 ./Middlewares/ST/STM32_USB_Device_Library/Class/CDC/Src/usbd_cdc.o
 .debug_macro   0x0000000000019b95      0x3d6 ./Middlewares/ST/STM32_USB_Device_Library/Core/Src/usbd_core.o
 .debug_macro   0x0000000000019f6b      0x1f5 ./Middlewares/ST/STM32_USB_Device_Library/Core/Src/usbd_core.o
 .debug_macro   0x000000000001a160      0x3e0 ./Middlewares/ST/STM32_USB_Device_Library/Core/Src/usbd_ctlreq.o
 .debug_macro   0x000000000001a540      0x3dc ./Middlewares/ST/STM32_USB_Device_Library/Core/Src/usbd_ioreq.o
 .debug_macro   0x000000000001a91c      0x40f ./USB_DEVICE/App/usb_device.o
 .debug_macro   0x000000000001ad2b       0x22 ./USB_DEVICE/App/usb_device.o
 .debug_macro   0x000000000001ad4d       0x22 ./USB_DEVICE/App/usb_device.o
 .debug_macro   0x000000000001ad6f      0x3fa ./USB_DEVICE/App/usbd_cdc_if.o
 .debug_macro   0x000000000001b169      0x419 ./USB_DEVICE/App/usbd_desc.o
 .debug_macro   0x000000000001b582       0x1c ./USB_DEVICE/App/usbd_desc.o
 .debug_macro   0x000000000001b59e      0x3ed ./USB_DEVICE/Target/usbd_conf.o

.debug_line     0x0000000000000000    0x10841
 .debug_line    0x0000000000000000      0xdf2 ./Core/Src/main.o
 .debug_line    0x0000000000000df2      0x427 ./Core/Src/stm32f4xx_hal_msp.o
 .debug_line    0x0000000000001219      0x4df ./Core/Src/stm32f4xx_it.o
 .debug_line    0x00000000000016f8      0x46e ./Core/Src/system_stm32f4xx.o
 .debug_line    0x0000000000001b66       0x88 ./Core/Startup/startup_stm32f401ccux.o
 .debug_line    0x0000000000001bee      0x6d4 ./Drivers/STM32F4xx_HAL_Driver/Src/stm32f4xx_hal.o
 .debug_line    0x00000000000022c2      0x983 ./Drivers/STM32F4xx_HAL_Driver/Src/stm32f4xx_hal_cortex.o
 .debug_line    0x0000000000002c45      0x80e ./Drivers/STM32F4xx_HAL_Driver/Src/stm32f4xx_hal_gpio.o
 .debug_line    0x0000000000003453     0x1021 ./Drivers/STM32F4xx_HAL_Driver/Src/stm32f4xx_hal_pcd.o
 .debug_line    0x0000000000004474      0x4b7 ./Drivers/STM32F4xx_HAL_Driver/Src/stm32f4xx_hal_pcd_ex.o
 .debug_line    0x000000000000492b      0xa4e ./Drivers/STM32F4xx_HAL_Driver/Src/stm32f4xx_hal_rcc.o
 .debug_line    0x0000000000005379     0x31ae ./Drivers/STM32F4xx_HAL_Driver/Src/stm32f4xx_hal_tim.o
 .debug_line    0x0000000000008527     0x166c ./Drivers/STM32F4xx_HAL_Driver/Src/stm32f4xx_hal_tim_ex.o
 .debug_line    0x0000000000009b93     0x1666 ./Drivers/STM32F4xx_HAL_Driver/Src/stm32f4xx_ll_usb.o
 .debug_line    0x000000000000b1f9      0xaa4 ./Middlewares/ST/STM32_USB_Device_Library/Class/CDC/Src/usbd_cdc.o
 .debug_line    0x000000000000bc9d      0xb27 ./Middlewares/ST/STM32_USB_Device_Library/Core/Src/usbd_core.o
 .debug_line    0x000000000000c7c4      0xdaa ./Middlewares/ST/STM32_USB_Device_Library/Core/Src/usbd_ctlreq.o
 .debug_line    0x000000000000d56e      0x77e ./Middlewares/ST/STM32_USB_Device_Library/Core/Src/usbd_ioreq.o
 .debug_line    0x000000000000dcec      0x73a ./USB_DEVICE/App/usb_device.o
 .debug_line    0x000000000000e426      0x79d ./USB_DEVICE/App/usbd_cdc_if.o
 .debug_line    0x000000000000ebc3      0x803 ./USB_DEVICE/App/usbd_desc.o
 .debug_line    0x000000000000f3c6      0xb16 ./USB_DEVICE/Target/usbd_conf.o
 .debug_line    0x000000000000fedc      0x138 /usr/lib/gcc/arm-none-eabi/10.3.1/../../../arm-none-eabi/lib/thumb/v7e-m+fp/hard/libc_nano.a(lib_a-init.o)
 .debug_line    0x0000000000010014      0x1bf /usr/lib/gcc/arm-none-eabi/10.3.1/../../../arm-none-eabi/lib/thumb/v7e-m+fp/hard/libc_nano.a(lib_a-memset.o)
 .debug_line    0x00000000000101d3       0x60 /usr/lib/gcc/arm-none-eabi/10.3.1/thumb/v7e-m+fp/hard/libgcc.a(_aeabi_uldivmod.o)
 .debug_line    0x0000000000010233      0x5ae /usr/lib/gcc/arm-none-eabi/10.3.1/thumb/v7e-m+fp/hard/libgcc.a(_udivmoddi4.o)
 .debug_line    0x00000000000107e1       0x60 /usr/lib/gcc/arm-none-eabi/10.3.1/thumb/v7e-m+fp/hard/libgcc.a(_dvmd_tls.o)

.debug_str      0x0000000000000000    0x959ac
 .debug_str     0x0000000000000000    0x909d6 ./Core/Src/main.o
                                      0x91205 (size before relaxing)
 .debug_str     0x00000000000909d6      0x5d0 ./Core/Src/stm32f4xx_hal_msp.o
                                      0x8556b (size before relaxing)
 .debug_str     0x0000000000090fa6      0x40c ./Core/Src/stm32f4xx_it.o
                                      0x854a2 (size before relaxing)
 .debug_str     0x00000000000913b2       0xdb ./Core/Src/system_stm32f4xx.o
                                      0x84cdf (size before relaxing)
 .debug_str     0x000000000009148d       0x34 ./Core/Startup/startup_stm32f401ccux.o
                                         0x71 (size before relaxing)
 .debug_str     0x00000000000914c1      0x5f2 ./Drivers/STM32F4xx_HAL_Driver/Src/stm32f4xx_hal.o
                                      0x856bc (size before relaxing)
 .debug_str     0x0000000000091ab3      0x394 ./Drivers/STM32F4xx_HAL_Driver/Src/stm32f4xx_hal_cortex.o
                                      0x85418 (size before relaxing)
 .debug_str     0x0000000000091e47      0x151 ./Drivers/STM32F4xx_HAL_Driver/Src/stm32f4xx_hal_gpio.o
                                      0x84e4f (size before relaxing)
 .debug_str     0x0000000000091f98      0x564 ./Drivers/STM32F4xx_HAL_Driver/Src/stm32f4xx_hal_pcd.o
                                      0x85480 (size before relaxing)
 .debug_str     0x00000000000924fc      0x13f ./Drivers/STM32F4xx_HAL_Driver/Src/stm32f4xx_hal_pcd_ex.o
                                      0x8504b (size before relaxing)
 .debug_str     0x000000000009263b      0x24e ./Drivers/STM32F4xx_HAL_Driver/Src/stm32f4xx_hal_rcc.o
                                      0x850d6 (size before relaxing)
 .debug_str     0x0000000000092889      0xdc0 ./Drivers/STM32F4xx_HAL_Driver/Src/stm32f4xx_hal_tim.o
                                      0x85fbd (size before relaxing)
 .debug_str     0x0000000000093649      0x4ee ./Drivers/STM32F4xx_HAL_Driver/Src/stm32f4xx_hal_tim_ex.o
                                      0x8576e (size before relaxing)
 .debug_str     0x0000000000093b37      0x6ac ./Drivers/STM32F4xx_HAL_Driver/Src/stm32f4xx_ll_usb.o
                                      0x855b7 (size before relaxing)
 .debug_str     0x00000000000941e3      0x6c1 ./Middlewares/ST/STM32_USB_Device_Library/Class/CDC/Src/usbd_cdc.o
                                      0x8a3bb (size before relaxing)
 .debug_str     0x00000000000948a4      0x1a2 ./Middlewares/ST/STM32_USB_Device_Library/Core/Src/usbd_core.o
                                      0x89c47 (size before relaxing)
 .debug_str     0x0000000000094a46      0x152 ./Middlewares/ST/STM32_USB_Device_Library/Core/Src/usbd_ctlreq.o
                                      0x89c05 (size before relaxing)
 .debug_str     0x0000000000094b98       0xc9 ./Middlewares/ST/STM32_USB_Device_Library/Core/Src/usbd_ioreq.o
                                      0x89b55 (size before relaxing)
 .debug_str     0x0000000000094c61       0xc2 ./USB_DEVICE/App/usb_device.o
                                      0x89eb9 (size before relaxing)
 .debug_str     0x0000000000094d23       0xa1 ./USB_DEVICE/App/usbd_cdc_if.o
                                      0x89f2d (size before relaxing)
 .debug_str     0x0000000000094dc4      0x26e ./USB_DEVICE/App/usbd_desc.o
                                      0x89aa7 (size before relaxing)
 .debug_str     0x0000000000095032      0x154 ./USB_DEVICE/Target/usbd_conf.o
                                      0x8a96a (size before relaxing)
 .debug_str     0x0000000000095186      0x169 /usr/lib/gcc/arm-none-eabi/10.3.1/../../../arm-none-eabi/lib/thumb/v7e-m+fp/hard/libc_nano.a(lib_a-init.o)
                                        0x20b (size before relaxing)
 .debug_str     0x00000000000952ef       0xa3 /usr/lib/gcc/arm-none-eabi/10.3.1/../../../arm-none-eabi/lib/thumb/v7e-m+fp/hard/libc_nano.a(lib_a-memset.o)
                                        0x1c0 (size before relaxing)
 .debug_str     0x0000000000095392       0xa6 /usr/lib/gcc/arm-none-eabi/10.3.1/thumb/v7e-m+fp/hard/libgcc.a(_aeabi_uldivmod.o)
 .debug_str     0x0000000000095438      0x544 /usr/lib/gcc/arm-none-eabi/10.3.1/thumb/v7e-m+fp/hard/libgcc.a(_udivmoddi4.o)
                                        0x647 (size before relaxing)
 .debug_str     0x000000000009597c       0x30 /usr/lib/gcc/arm-none-eabi/10.3.1/thumb/v7e-m+fp/hard/libgcc.a(_dvmd_tls.o)
                                         0xaa (size before relaxing)

.debug_frame    0x0000000000000000     0x4440
 .debug_frame   0x0000000000000000      0x108 ./Core/Src/main.o
 .debug_frame   0x0000000000000108       0x80 ./Core/Src/stm32f4xx_hal_msp.o
 .debug_frame   0x0000000000000188      0x13c ./Core/Src/stm32f4xx_it.o
 .debug_frame   0x00000000000002c4       0x58 ./Core/Src/system_stm32f4xx.o
 .debug_frame   0x000000000000031c      0x374 ./Drivers/STM32F4xx_HAL_Driver/Src/stm32f4xx_hal.o
 .debug_frame   0x0000000000000690      0x498 ./Drivers/STM32F4xx_HAL_Driver/Src/stm32f4xx_hal_cortex.o
 .debug_frame   0x0000000000000b28      0x14c ./Drivers/STM32F4xx_HAL_Driver/Src/stm32f4xx_hal_gpio.o
 .debug_frame   0x0000000000000c74      0x574 ./Drivers/STM32F4xx_HAL_Driver/Src/stm32f4xx_hal_pcd.o
 .debug_frame   0x00000000000011e8       0xb0 ./Drivers/STM32F4xx_HAL_Driver/Src/stm32f4xx_hal_pcd_ex.o
 .debug_frame   0x0000000000001298      0x1f4 ./Drivers/STM32F4xx_HAL_Driver/Src/stm32f4xx_hal_rcc.o
 .debug_frame   0x000000000000148c     0x11bc ./Drivers/STM32F4xx_HAL_Driver/Src/stm32f4xx_hal_tim.o
 .debug_frame   0x0000000000002648      0x638 ./Drivers/STM32F4xx_HAL_Driver/Src/stm32f4xx_hal_tim_ex.o
 .debug_frame   0x0000000000002c80      0x798 ./Drivers/STM32F4xx_HAL_Driver/Src/stm32f4xx_ll_usb.o
 .debug_frame   0x0000000000003418      0x248 ./Middlewares/ST/STM32_USB_Device_Library/Class/CDC/Src/usbd_cdc.o
 .debug_frame   0x0000000000003660      0x2f4 ./Middlewares/ST/STM32_USB_Device_Library/Core/Src/usbd_core.o
 .debug_frame   0x0000000000003954      0x23c ./Middlewares/ST/STM32_USB_Device_Library/Core/Src/usbd_ctlreq.o
 .debug_frame   0x0000000000003b90      0x10c ./Middlewares/ST/STM32_USB_Device_Library/Core/Src/usbd_ioreq.o
 .debug_frame   0x0000000000003c9c       0x2c ./USB_DEVICE/App/usb_device.o
 .debug_frame   0x0000000000003cc8       0xe4 ./USB_DEVICE/App/usbd_cdc_if.o
 .debug_frame   0x0000000000003dac      0x160 ./USB_DEVICE/App/usbd_desc.o
 .debug_frame   0x0000000000003f0c      0x47c ./USB_DEVICE/Target/usbd_conf.o
 .debug_frame   0x0000000000004388       0x2c /usr/lib/gcc/arm-none-eabi/10.3.1/../../../arm-none-eabi/lib/thumb/v7e-m+fp/hard/libc_nano.a(lib_a-init.o)
 .debug_frame   0x00000000000043b4       0x2c /usr/lib/gcc/arm-none-eabi/10.3.1/../../../arm-none-eabi/lib/thumb/v7e-m+fp/hard/libc_nano.a(lib_a-memset.o)
 .debug_frame   0x00000000000043e0       0x2c /usr/lib/gcc/arm-none-eabi/10.3.1/thumb/v7e-m+fp/hard/libgcc.a(_aeabi_uldivmod.o)
 .debug_frame   0x000000000000440c       0x34 /usr/lib/gcc/arm-none-eabi/10.3.1/thumb/v7e-m+fp/hard/libgcc.a(_udivmoddi4.o)

.debug_loc      0x0000000000000000     0x12f5
 .debug_loc     0x0000000000000000       0xba /usr/lib/gcc/arm-none-eabi/10.3.1/../../../arm-none-eabi/lib/thumb/v7e-m+fp/hard/libc_nano.a(lib_a-init.o)
 .debug_loc     0x00000000000000ba      0x22c /usr/lib/gcc/arm-none-eabi/10.3.1/../../../arm-none-eabi/lib/thumb/v7e-m+fp/hard/libc_nano.a(lib_a-memset.o)
 .debug_loc     0x00000000000002e6     0x100f /usr/lib/gcc/arm-none-eabi/10.3.1/thumb/v7e-m+fp/hard/libgcc.a(_udivmoddi4.o)